Archive member included to satisfy reference by file (symbol)

C:/ProgramData/MATLAB/SupportPackages/R2019a/toolbox/target/supportpackages/freedomk64f/bin/libcodertarget_RTIOStreamAppSvc.lib(RTIOStreamTgtAppSvcCIntrf.o)
                              k64f_rtiostream_commservice.o (sendToCommSvc)
C:/ProgramData/MATLAB/SupportPackages/R2019a/toolbox/target/supportpackages/freedomk64f/bin/libcodertarget_RTIOStreamAppSvc.lib(RTIOStreamTgtAppSvc.o)
                              C:/ProgramData/MATLAB/SupportPackages/R2019a/toolbox/target/supportpackages/freedomk64f/bin/libcodertarget_RTIOStreamAppSvc.lib(RTIOStreamTgtAppSvcCIntrf.o) (RTIOStreamTgtAppSvc::get_instance())
C:/ProgramData/MATLAB/SupportPackages/R2019a/toolbox/target/supportpackages/freedomk64f/bin/bm/libcodertarget_TargetServices.lib(CommService.o)
                              C:/ProgramData/MATLAB/SupportPackages/R2019a/toolbox/target/supportpackages/freedomk64f/bin/libcodertarget_RTIOStreamAppSvc.lib(RTIOStreamTgtAppSvc.o) (coder::tgtsvc::CommService::sendMessage(coder::tgtsvc::Message*, coder::tgtsvc::Message::Priority))
C:/ProgramData/MATLAB/SupportPackages/R2019a/toolbox/target/supportpackages/freedomk64f/bin/bm/libcodertarget_TargetServices.lib(Application.o)
                              C:/ProgramData/MATLAB/SupportPackages/R2019a/toolbox/target/supportpackages/freedomk64f/bin/bm/libcodertarget_TargetServices.lib(CommService.o) (coder::tgtsvc::Application::dispatch(coder::tgtsvc::Message*))
C:/ProgramData/MATLAB/SupportPackages/R2019a/toolbox/target/supportpackages/freedomk64f/bin/bm/libcodertarget_TargetServices.lib(Message.o)
                              C:/ProgramData/MATLAB/SupportPackages/R2019a/toolbox/target/supportpackages/freedomk64f/bin/bm/libcodertarget_TargetServices.lib(CommService.o) (coder::tgtsvc::Message::operator new(unsigned int))
C:/ProgramData/MATLAB/SupportPackages/R2019a/toolbox/target/supportpackages/freedomk64f/bin/bm/libcodertarget_TargetServices.lib(critical_section.o)
                              C:/ProgramData/MATLAB/SupportPackages/R2019a/toolbox/target/supportpackages/freedomk64f/bin/bm/libcodertarget_TargetServices.lib(CommService.o) (enter_critical_section)
C:/ProgramData/MATLAB/SupportPackages/R2019a/toolbox/target/supportpackages/freedomk64f/bin/bm/libcodertarget_TargetServices.lib(MemoryService.o)
                              C:/ProgramData/MATLAB/SupportPackages/R2019a/toolbox/target/supportpackages/freedomk64f/bin/bm/libcodertarget_TargetServices.lib(Message.o) (coder::tgtsvc::MemoryService::instance())
C:/ProgramData/MATLAB/SupportPackages/R2019a/3P.instrset/cmsis.instrset/CMSIS/RTOS/RTX/LIB/GCC/libRTX_CM4.a(rt_cmsis.o)
                              RTX_Conf_CM.o (osKernelInitialize)
C:/ProgramData/MATLAB/SupportPackages/R2019a/3P.instrset/cmsis.instrset/CMSIS/RTOS/RTX/LIB/GCC/libRTX_CM4.a(hal_cm.o)
                              C:/ProgramData/MATLAB/SupportPackages/R2019a/3P.instrset/cmsis.instrset/CMSIS/RTOS/RTX/LIB/GCC/libRTX_CM4.a(rt_cmsis.o) (rt_ret_val)
C:/ProgramData/MATLAB/SupportPackages/R2019a/3P.instrset/cmsis.instrset/CMSIS/RTOS/RTX/LIB/GCC/libRTX_CM4.a(rt_memory.o)
                              C:/ProgramData/MATLAB/SupportPackages/R2019a/3P.instrset/cmsis.instrset/CMSIS/RTOS/RTX/LIB/GCC/libRTX_CM4.a(rt_cmsis.o) (rt_init_mem)
C:/ProgramData/MATLAB/SupportPackages/R2019a/3P.instrset/cmsis.instrset/CMSIS/RTOS/RTX/LIB/GCC/libRTX_CM4.a(rt_membox.o)
                              C:/ProgramData/MATLAB/SupportPackages/R2019a/3P.instrset/cmsis.instrset/CMSIS/RTOS/RTX/LIB/GCC/libRTX_CM4.a(rt_cmsis.o) (_init_box)
C:/ProgramData/MATLAB/SupportPackages/R2019a/3P.instrset/cmsis.instrset/CMSIS/RTOS/RTX/LIB/GCC/libRTX_CM4.a(rt_mutex.o)
                              C:/ProgramData/MATLAB/SupportPackages/R2019a/3P.instrset/cmsis.instrset/CMSIS/RTOS/RTX/LIB/GCC/libRTX_CM4.a(rt_cmsis.o) (rt_mut_init)
C:/ProgramData/MATLAB/SupportPackages/R2019a/3P.instrset/cmsis.instrset/CMSIS/RTOS/RTX/LIB/GCC/libRTX_CM4.a(rt_time.o)
                              C:/ProgramData/MATLAB/SupportPackages/R2019a/3P.instrset/cmsis.instrset/CMSIS/RTOS/RTX/LIB/GCC/libRTX_CM4.a(rt_cmsis.o) (os_time)
C:/ProgramData/MATLAB/SupportPackages/R2019a/3P.instrset/cmsis.instrset/CMSIS/RTOS/RTX/LIB/GCC/libRTX_CM4.a(rt_semaphore.o)
                              C:/ProgramData/MATLAB/SupportPackages/R2019a/3P.instrset/cmsis.instrset/CMSIS/RTOS/RTX/LIB/GCC/libRTX_CM4.a(rt_cmsis.o) (rt_sem_init)
C:/ProgramData/MATLAB/SupportPackages/R2019a/3P.instrset/cmsis.instrset/CMSIS/RTOS/RTX/LIB/GCC/libRTX_CM4.a(rt_mailbox.o)
                              C:/ProgramData/MATLAB/SupportPackages/R2019a/3P.instrset/cmsis.instrset/CMSIS/RTOS/RTX/LIB/GCC/libRTX_CM4.a(rt_cmsis.o) (rt_mbx_init)
C:/ProgramData/MATLAB/SupportPackages/R2019a/3P.instrset/cmsis.instrset/CMSIS/RTOS/RTX/LIB/GCC/libRTX_CM4.a(rt_list.o)
[...]
Memory Configuration

Name             Origin             Length             Attributes
m_interrupts     0x00000000         0x00000400         xr
m_flash_config   0x00000400         0x00000010         xr
m_text           0x00000410         0x000ffbf0         xr
m_data_2         0x1fff0000         0x00010000         rw
m_data           0x20000000         0x00030000         rw
*default*        0x00000000         0xffffffff

Linker script and memory map

LOAD c:/progra~3/matlab/supportpackages/r2019a/3p.instrset/gnuarm-armcortex.instrset/win/bin/../lib/gcc/arm-none-eabi/7.2.1/thumb/v7e-m/fpv4-sp/hard/crti.o
LOAD c:/progra~3/matlab/supportpackages/r2019a/3p.instrset/gnuarm-armcortex.instrset/win/bin/../lib/gcc/arm-none-eabi/7.2.1/thumb/v7e-m/fpv4-sp/hard/crtbegin.o
LOAD c:/progra~3/matlab/supportpackages/r2019a/3p.instrset/gnuarm-armcortex.instrset/win/bin/../lib/gcc/arm-none-eabi/7.2.1/../../../../arm-none-eabi/lib/thumb/v7e-m/fpv4-sp/hard/crt0.o
LOAD MW_I2C.o
LOAD MW_digitalIO.o
LOAD RTX_Conf_CM.o
LOAD board.o
LOAD cmsis_rtos_init.o
LOAD ert_main.o
LOAD ext_work.o
LOAD freedomk64f_external_mode.o
LOAD freedomk64f_external_mode_data.o
LOAD freedomk64f_external_mode_tgtconn.o
LOAD fsl_edma_irq.o
LOAD fsl_misc_utilities.o
LOAD fsl_uart_irq.o
LOAD hardware_init.o
LOAD i2c_api.o
LOAD irq_stub.o
LOAD k64f_ext_svr.o
LOAD k64f_rtiostream_commservice.o
LOAD k64f_rtiostream_interface.o
LOAD k64f_rtiostream_utils.o
LOAD mw_sdk_interface.o
LOAD mw_semaphore.o
LOAD mw_signal.o
LOAD mw_thread.o
LOAD mw_timer.o
LOAD pin_mux.o
LOAD sbrk.o
LOAD startup.o
LOAD startup_MK64F12.o
LOAD system_MK64F12.o
LOAD tgtSvc_UARTInfo.o
LOAD updown.o
LOAD C:/ProgramData/MATLAB/SupportPackages/R2019a/toolbox/target/supportpackages/freedomk64f/bin/libcodertarget_RTIOStreamAppSvc.lib
LOAD C:/ProgramData/MATLAB/SupportPackages/R2019a/toolbox/target/supportpackages/freedomk64f/bin/bm/libcodertarget_TargetServices.lib
LOAD C:/ProgramData/MATLAB/SupportPackages/R2019a/3P.instrset/cmsis.instrset/CMSIS/Lib/GCC/libarm_cortexM4lf_math.a
LOAD C:/ProgramData/MATLAB/SupportPackages/R2019a/3P.instrset/cmsis.instrset/CMSIS/RTOS/RTX/LIB/GCC/libRTX_CM4.a
LOAD C:/ProgramData/MATLAB/SupportPackages/R2019a/toolbox/target/supportpackages/freedomk64f/src/ksdk_armgcc_lib/bm/libksdk_platform.a
LOAD c:/progra~3/matlab/supportpackages/r2019a/3p.instrset/gnuarm-armcortex.instrset/win/bin/../lib/gcc/arm-none-eabi/7.2.1/../../../../arm-none-eabi/lib/thumb/v7e-m/fpv4-sp/hard\libstdc++.a
LOAD c:/progra~3/matlab/supportpackages/r2019a/3p.instrset/gnuarm-armcortex.instrset/win/bin/../lib/gcc/arm-none-eabi/7.2.1/../../../../arm-none-eabi/lib/thumb/v7e-m/fpv4-sp/hard\libm.a
START GROUP
LOAD c:/progra~3/matlab/supportpackages/r2019a/3p.instrset/gnuarm-armcortex.instrset/win/bin/../lib/gcc/arm-none-eabi/7.2.1/thumb/v7e-m/fpv4-sp/hard\libgcc.a
LOAD c:/progra~3/matlab/supportpackages/r2019a/3p.instrset/gnuarm-armcortex.instrset/win/bin/../lib/gcc/arm-none-eabi/7.2.1/../../../../arm-none-eabi/lib/thumb/v7e-m/fpv4-sp/hard\libg.a
LOAD c:/progra~3/matlab/supportpackages/r2019a/3p.instrset/gnuarm-armcortex.instrset/win/bin/../lib/gcc/arm-none-eabi/7.2.1/../../../../arm-none-eabi/lib/thumb/v7e-m/fpv4-sp/hard\libc.a
END GROUP
START GROUP
LOAD c:/progra~3/matlab/supportpackages/r2019a/3p.instrset/gnuarm-armcortex.instrset/win/bin/../lib/gcc/arm-none-eabi/7.2.1/thumb/v7e-m/fpv4-sp/hard\libgcc.a
LOAD c:/progra~3/matlab/supportpackages/r2019a/3p.instrset/gnuarm-armcortex.instrset/win/bin/../lib/gcc/arm-none-eabi/7.2.1/../../../../arm-none-eabi/lib/thumb/v7e-m/fpv4-sp/hard\libc.a
LOAD c:/progra~3/matlab/supportpackages/r2019a/3p.instrset/gnuarm-armcortex.instrset/win/bin/../lib/gcc/arm-none-eabi/7.2.1/../../../../arm-none-eabi/lib/thumb/v7e-m/fpv4-sp/hard\libnosys.a
END GROUP
LOAD c:/progra~3/matlab/supportpackages/r2019a/3p.instrset/gnuarm-armcortex.instrset/win/bin/../lib/gcc/arm-none-eabi/7.2.1/thumb/v7e-m/fpv4-sp/hard/crtend.o
LOAD c:/progra~3/matlab/supportpackages/r2019a/3p.instrset/gnuarm-armcortex.instrset/win/bin/../lib/gcc/arm-none-eabi/7.2.1/thumb/v7e-m/fpv4-sp/hard/crtn.o
                0x00000400                HEAP_SIZE = DEFINED (__heap_size__)?__heap_size__:0x400
                0x00000400                STACK_SIZE = DEFINED (__stack_size__)?__stack_size__:0x400
                0x00000000                M_VECTOR_RAM_SIZE = DEFINED (__ram_vector_table__)?0x400:0x0

.interrupts     0x00000000      0x400
                0x00000000                __VECTOR_TABLE = .
                0x00000000                . = ALIGN (0x4)
 *(.isr_vector)
 .isr_vector    0x00000000      0x400 startup_MK64F12.o
                0x00000000                __isr_vector
                0x00000400                . = ALIGN (0x4)

.flash_config   0x00000400       0x10
                0x00000400                . = ALIGN (0x4)
 *(.FlashConfig)
 .FlashConfig   0x00000400       0x10 startup_MK64F12.o
                0x00000410                . = ALIGN (0x4)

.text           0x00000440    0x1a3b8
                0x00000440                . = ALIGN (0x4)
 *(.text)
 .text          0x00000440       0x40 c:/progra~3/matlab/supportpackages/r2019a/3p.instrset/gnuarm-armcortex.instrset/win/bin/../lib/gcc/arm-none-eabi/7.2.1/thumb/v7e-m/fpv4-sp/hard/crtbegin.o
 .text          0x00000480       0x74 c:/progra~3/matlab/supportpackages/r2019a/3p.instrset/gnuarm-armcortex.instrset/win/bin/../lib/gcc/arm-none-eabi/7.2.1/../../../../arm-none-eabi/lib/thumb/v7e-m/fpv4-sp/hard/crt0.o
                0x00000480                _start
                0x00000480                _mainCRTStartup
 .text          0x000004f4       0x14 startup_MK64F12.o
                0x000004f4                Reset_Handler
                0x00000504                ENET_Receive_IRQHandler
                0x00000504                ENET_1588_Timer_IRQHandler
                0x00000504                DefaultISR
                0x00000504                PIT2_IRQHandler
                0x00000504                PIT0_IRQHandler
                0x00000504                ENET_Error_IRQHandler
                0x00000504                PIT3_IRQHandler
                0x00000504                SDHC_IRQHandler
                0x00000504                ENET_Transmit_IRQHandler
                0x00000504                PIT1_IRQHandler
 .text          0x00000508      0x198 C:/ProgramData/MATLAB/SupportPackages/R2019a/3P.instrset/cmsis.instrset/CMSIS/RTOS/RTX/LIB/GCC/libRTX_CM4.a(hal_cm4.o)
                0x00000508                rt_set_PSP
                0x0000050e                rt_get_PSP
                0x00000514                os_set_env
                0x0000052c                _alloc_box
                0x00000548                _free_box
                0x00000564                SVC_Handler
                0x0000060a                PendSV_Handler
                0x00000610                Sys_Switch
                0x0000066a                SysTick_Handler
                0x00000674                OS_Tick_Handler
 .text          0x000006a0     0x6adc c:/progra~3/matlab/supportpackages/r2019a/3p.instrset/gnuarm-armcortex.instrset/win/bin/../lib/gcc/arm-none-eabi/7.2.1/../../../../arm-none-eabi/lib/thumb/v7e-m/fpv4-sp/hard\libstdc++.a(cp-demangle.o)
                0x00007090                __cxa_demangle
                0x00007158                __gcclibcxx_demangle_callback
 .text          0x0000717c      0x378 c:/progra~3/matlab/supportpackages/r2019a/3p.instrset/gnuarm-armcortex.instrset/win/bin/../lib/gcc/arm-none-eabi/7.2.1/thumb/v7e-m/fpv4-sp/hard\libgcc.a(_arm_addsubdf3.o)
                0x0000717c                __aeabi_drsub
                0x00007184                __aeabi_dsub
                0x00007184                __subdf3
                0x00007188                __aeabi_dadd
                0x00007188                __adddf3
                0x00007400                __floatunsidf
                0x00007400                __aeabi_ui2d
                0x00007420                __floatsidf
                0x00007420                __aeabi_i2d
                0x00007444                __aeabi_f2d
                0x00007444                __extendsfdf2
                0x00007488                __floatundidf
                0x00007488                __aeabi_ul2d
                0x00007498                __floatdidf
                0x00007498                __aeabi_l2d
 .text          0x000074f4      0x424 c:/progra~3/matlab/supportpackages/r2019a/3p.instrset/gnuarm-armcortex.instrset/win/bin/../lib/gcc/arm-none-eabi/7.2.1/thumb/v7e-m/fpv4-sp/hard\libgcc.a(_arm_muldivdf3.o)
                0x000074f4                __aeabi_dmul
                0x000074f4                __muldf3
                0x00007748                __divdf3
                0x00007748                __aeabi_ddiv
 .text          0x00007918      0x110 c:/progra~3/matlab/supportpackages/r2019a/3p.instrset/gnuarm-armcortex.instrset/win/bin/../lib/gcc/arm-none-eabi/7.2.1/thumb/v7e-m/fpv4-sp/hard\libgcc.a(_arm_cmpdf2.o)
                0x00007918                __gtdf2
                0x00007918                __gedf2
                0x00007920                __ltdf2
                0x00007920                __ledf2
                0x00007928                __nedf2
                0x00007928                __eqdf2
                0x00007928                __cmpdf2
                0x000079a4                __aeabi_cdrcmple
                0x000079b4                __aeabi_cdcmpeq
                0x000079b4                __aeabi_cdcmple
                0x000079c4                __aeabi_dcmpeq
                0x000079d8                __aeabi_dcmplt
                0x000079ec                __aeabi_dcmple
                0x00007a00                __aeabi_dcmpge
                0x00007a14                __aeabi_dcmpgt
 .text          0x00007a28       0x30 c:/progra~3/matlab/supportpackages/r2019a/3p.instrset/gnuarm-armcortex.instrset/win/bin/../lib/gcc/arm-none-eabi/7.2.1/thumb/v7e-m/fpv4-sp/hard\libgcc.a(_aeabi_uldivmod.o)
                0x00007a28                __aeabi_uldivmod
 .text          0x00007a58      0x2cc c:/progra~3/matlab/supportpackages/r2019a/3p.instrset/gnuarm-armcortex.instrset/win/bin/../lib/gcc/arm-none-eabi/7.2.1/thumb/v7e-m/fpv4-sp/hard\libgcc.a(_udivmoddi4.o)
                0x00007a58                __udivmoddi4
 .text          0x00007d24      0x9ec c:/progra~3/matlab/supportpackages/r2019a/3p.instrset/gnuarm-armcortex.instrset/win/bin/../lib/gcc/arm-none-eabi/7.2.1/thumb/v7e-m/fpv4-sp/hard\libgcc.a(unwind-arm.o)
                0x00007fd8                _Unwind_GetCFA
                0x00007fdc                __gnu_Unwind_RaiseException
                0x0000803c                __gnu_Unwind_ForcedUnwind
                0x00008050                __gnu_Unwind_Resume
                0x00008094                __gnu_Unwind_Resume_or_Rethrow
                0x000080a4                _Unwind_Complete
                0x000080a8                _Unwind_DeleteException
                0x000080b4                _Unwind_VRS_Get
                0x000080f8                _Unwind_VRS_Set
                0x00008140                __gnu_Unwind_Backtrace
                0x00008484                __aeabi_unwind_cpp_pr0
                0x00008488                __aeabi_unwind_cpp_pr1
                0x0000848c                __aeabi_unwind_cpp_pr2
                0x00008490                _Unwind_VRS_Pop
 .text          0x00008710      0x1ac c:/progra~3/matlab/supportpackages/r2019a/3p.instrset/gnuarm-armcortex.instrset/win/bin/../lib/gcc/arm-none-eabi/7.2.1/thumb/v7e-m/fpv4-sp/hard\libgcc.a(libunwind.o)
                0x00008710                __restore_core_regs
                0x00008710                restore_core_regs
                0x00008728                __gnu_Unwind_Restore_VFP
                0x00008730                __gnu_Unwind_Save_VFP
                0x00008738                __gnu_Unwind_Restore_VFP_D
                0x00008740                __gnu_Unwind_Save_VFP_D
                0x00008748                __gnu_Unwind_Restore_VFP_D_16_to_31
                0x00008750                __gnu_Unwind_Save_VFP_D_16_to_31
                0x00008758                __gnu_Unwind_Restore_WMMXD
                0x0000879c                __gnu_Unwind_Save_WMMXD
                0x000087e0                __gnu_Unwind_Restore_WMMXC
                0x000087f4                __gnu_Unwind_Save_WMMXC
                0x00008808                ___Unwind_RaiseException
                0x00008808                _Unwind_RaiseException
                0x0000882c                _Unwind_Resume
                0x0000882c                ___Unwind_Resume
                0x00008850                _Unwind_Resume_or_Rethrow
                0x00008850                ___Unwind_Resume_or_Rethrow
                0x00008874                _Unwind_ForcedUnwind
                0x00008874                ___Unwind_ForcedUnwind
                0x00008898                ___Unwind_Backtrace
                0x00008898                _Unwind_Backtrace
 .text          0x000088bc      0x374 c:/progra~3/matlab/supportpackages/r2019a/3p.instrset/gnuarm-armcortex.instrset/win/bin/../lib/gcc/arm-none-eabi/7.2.1/thumb/v7e-m/fpv4-sp/hard\libgcc.a(pr-support.o)
                0x00008914                __gnu_unwind_execute
                0x00008bd8                __gnu_unwind_frame
                0x00008c00                _Unwind_GetRegionStart
                0x00008c0c                _Unwind_GetLanguageSpecificData
                0x00008c20                _Unwind_GetDataRelBase
                0x00008c28                _Unwind_GetTextRelBase
 .text          0x00008c30        0x4 c:/progra~3/matlab/supportpackages/r2019a/3p.instrset/gnuarm-armcortex.instrset/win/bin/../lib/gcc/arm-none-eabi/7.2.1/thumb/v7e-m/fpv4-sp/hard\libgcc.a(_dvmd_tls.o)
                0x00008c30                __aeabi_idiv0
                0x00008c30                __aeabi_ldiv0
 *fill*         0x00008c34        0xc 
 .text          0x00008c40       0xa0 c:/progra~3/matlab/supportpackages/r2019a/3p.instrset/gnuarm-armcortex.instrset/win/bin/../lib/gcc/arm-none-eabi/7.2.1/../../../../arm-none-eabi/lib/thumb/v7e-m/fpv4-sp/hard\libg.a(lib_a-memchr.o)
                0x00008c40                memchr
 .text          0x00008ce0      0x134 c:/progra~3/matlab/supportpackages/r2019a/3p.instrset/gnuarm-armcortex.instrset/win/bin/../lib/gcc/arm-none-eabi/7.2.1/../../../../arm-none-eabi/lib/thumb/v7e-m/fpv4-sp/hard\libg.a(lib_a-memcpy.o)
                0x00008ce0                memcpy
 *fill*         0x00008e14        0xc 
 .text          0x00008e20      0x2dc c:/progra~3/matlab/supportpackages/r2019a/3p.instrset/gnuarm-armcortex.instrset/win/bin/../lib/gcc/arm-none-eabi/7.2.1/../../../../arm-none-eabi/lib/thumb/v7e-m/fpv4-sp/hard\libg.a(lib_a-strcmp.o)
                0x00008e28                strcmp
 *fill*         0x000090fc        0x4 
 .text          0x00009100       0xdc c:/progra~3/matlab/supportpackages/r2019a/3p.instrset/gnuarm-armcortex.instrset/win/bin/../lib/gcc/arm-none-eabi/7.2.1/../../../../arm-none-eabi/lib/thumb/v7e-m/fpv4-sp/hard\libg.a(lib_a-strlen.o)
                0x00009100                strlen
 .text          0x000091dc       0x2c c:/progra~3/matlab/supportpackages/r2019a/3p.instrset/gnuarm-armcortex.instrset/win/bin/../lib/gcc/arm-none-eabi/7.2.1/thumb/v7e-m/fpv4-sp/hard\libgcc.a(_arm_unorddf2.o)
                0x000091dc                __unorddf2
                0x000091dc                __aeabi_dcmpun
 .text          0x00009208       0x50 c:/progra~3/matlab/supportpackages/r2019a/3p.instrset/gnuarm-armcortex.instrset/win/bin/../lib/gcc/arm-none-eabi/7.2.1/thumb/v7e-m/fpv4-sp/hard\libgcc.a(_arm_fixdfsi.o)
                0x00009208                __aeabi_d2iz
                0x00009208                __fixdfsi
 *(.text*)
 .text.MW_I2C_Open
                0x00009258       0x28 MW_I2C.o
                0x00009258                MW_I2C_Open
 .text.MW_I2C_SetBusSpeed
                0x00009280       0x10 MW_I2C.o
                0x00009280                MW_I2C_SetBusSpeed
 .text.MW_I2C_MasterRead
                0x00009290       0x34 MW_I2C.o
                0x00009290                MW_I2C_MasterRead
 .text.MW_I2C_MasterWrite
                0x000092c4       0x34 MW_I2C.o
                0x000092c4                MW_I2C_MasterWrite
 .text.MW_I2C_Close
                0x000092f8        0x4 MW_I2C.o
                0x000092f8                MW_I2C_Close
 .text.MW_digitalIO_open
                0x000092fc       0x9c MW_digitalIO.o
                0x000092fc                MW_digitalIO_open
 .text.MW_digitalIO_write
                0x00009398       0x34 MW_digitalIO.o
                0x00009398                MW_digitalIO_write
 .text.MW_digitalIO_close
                0x000093cc       0x10 MW_digitalIO.o
                0x000093cc                MW_digitalIO_close
 .text.os_idle_demon
                0x000093dc        0x4 RTX_Conf_CM.o
                0x000093dc                os_idle_demon
 .text.os_error
                0x000093e0        0x4 RTX_Conf_CM.o
                0x000093e0                os_error
 .text.rt_init_robin
                0x000093e4        0x4 RTX_Conf_CM.o
                0x000093e4                rt_init_robin
 .text.rt_chk_robin
                0x000093e8        0x4 RTX_Conf_CM.o
                0x000093e8                rt_chk_robin
 .text.software_init_hook
                0x000093ec       0x34 RTX_Conf_CM.o
                0x000093ec                software_init_hook
 .text.BOARD_ClockInit
                0x00009420       0x64 board.o
                0x00009420                BOARD_ClockInit
 .text.schedulerTask
                0x00009484        0xc cmsis_rtos_init.o
                0x00009484                schedulerTask
 .text.mw_RTOSInit
                0x00009490       0xb4 cmsis_rtos_init.o
                0x00009490                mw_RTOSInit
 .text.baseRateTask
                0x00009544       0xf0 ert_main.o
                0x00009544                baseRateTask
 .text.backgroundTask
                0x00009634       0x54 ert_main.o
                0x00009634                backgroundTask
 .text.startup.main
                0x00009688       0x8c ert_main.o
                0x00009688                main
 .text.rtExtModePauseIfNeeded
                0x00009714       0x5c ext_work.o
                0x00009714                rtExtModePauseIfNeeded
 .text.rtExtModeWaitForStartPkt
                0x00009770       0x60 ext_work.o
                0x00009770                rtExtModeWaitForStartPkt
 .text.rtExtModeOneStep
                0x000097d0       0x20 ext_work.o
                0x000097d0                rtExtModeOneStep
 .text.rtExtModeUpload
                0x000097f0        0x4 ext_work.o
                0x000097f0                rtExtModeUpload
 .text.rtExtModeCheckEndTrigger
                0x000097f4        0x4 ext_work.o
                0x000097f4                rtExtModeCheckEndTrigger
 .text.rtExtModeUploadCheckTrigger
                0x000097f8        0x4 ext_work.o
                0x000097f8                rtExtModeUploadCheckTrigger
 .text.rtExtModeCheckInit
                0x000097fc        0x4 ext_work.o
                0x000097fc                rtExtModeCheckInit
 .text.rtExtModeShutdown
                0x00009800        0x4 ext_work.o
                0x00009800                rtExtModeShutdown
 .text.rtExtModeParseArgs
                0x00009804        0x8 ext_work.o
                0x00009804                rtExtModeParseArgs
 .text.rtSetTFinalForExtMode
                0x0000980c        0x4 ext_work.o
                0x0000980c                rtSetTFinalForExtMode
 .text.rtERTExtModeStartMsg
                0x00009810        0x4 ext_work.o
                0x00009810                rtERTExtModeStartMsg
 *fill*         0x00009814        0x4 
 .text.freedomk64f_external_mode_step
                0x00009818      0x354 freedomk64f_external_mode.o
                0x00009818                freedomk64f_external_mode_step
 *fill*         0x00009b6c        0x4 
 .text.freedomk64f_external_mode_initialize
                0x00009b70      0x224 freedomk64f_external_mode.o
                0x00009b70                freedomk64f_external_mode_initialize
 .text.freedomk64f_external_mode_terminate
                0x00009d94       0x60 freedomk64f_external_mode.o
                0x00009d94                freedomk64f_external_mode_terminate
 .text.TgtConnInit
                0x00009df4        0xc freedomk64f_external_mode_tgtconn.o
                0x00009df4                TgtConnInit
 .text.TgtConnTerm
                0x00009e00        0x4 freedomk64f_external_mode_tgtconn.o
                0x00009e00                TgtConnTerm
 .text.DMA0_IRQHandler
                0x00009e04        0x8 fsl_edma_irq.o
                0x00009e04                DMA0_IRQHandler
 .text.DMA1_IRQHandler
                0x00009e0c        0x8 fsl_edma_irq.o
                0x00009e0c                DMA1_IRQHandler
 .text.DMA2_IRQHandler
                0x00009e14        0x8 fsl_edma_irq.o
                0x00009e14                DMA2_IRQHandler
 .text.DMA3_IRQHandler
                0x00009e1c        0x8 fsl_edma_irq.o
                0x00009e1c                DMA3_IRQHandler
 .text.DMA4_IRQHandler
                0x00009e24        0x8 fsl_edma_irq.o
                0x00009e24                DMA4_IRQHandler
 .text.DMA5_IRQHandler
                0x00009e2c        0x8 fsl_edma_irq.o
                0x00009e2c                DMA5_IRQHandler
 .text.DMA6_IRQHandler
                0x00009e34        0x8 fsl_edma_irq.o
                0x00009e34                DMA6_IRQHandler
 .text.DMA7_IRQHandler
                0x00009e3c        0x8 fsl_edma_irq.o
                0x00009e3c                DMA7_IRQHandler
 .text.DMA8_IRQHandler
                0x00009e44        0x8 fsl_edma_irq.o
                0x00009e44                DMA8_IRQHandler
 .text.DMA9_IRQHandler
                0x00009e4c        0x8 fsl_edma_irq.o
                0x00009e4c                DMA9_IRQHandler
 .text.DMA10_IRQHandler
                0x00009e54        0x8 fsl_edma_irq.o
                0x00009e54                DMA10_IRQHandler
 .text.DMA11_IRQHandler
                0x00009e5c        0x8 fsl_edma_irq.o
                0x00009e5c                DMA11_IRQHandler
 .text.DMA12_IRQHandler
                0x00009e64        0x8 fsl_edma_irq.o
                0x00009e64                DMA12_IRQHandler
 .text.DMA13_IRQHandler
                0x00009e6c        0x8 fsl_edma_irq.o
                0x00009e6c                DMA13_IRQHandler
 .text.DMA14_IRQHandler
                0x00009e74        0x8 fsl_edma_irq.o
                0x00009e74                DMA14_IRQHandler
 .text.DMA15_IRQHandler
                0x00009e7c        0x8 fsl_edma_irq.o
                0x00009e7c                DMA15_IRQHandler
 .text.DMA_Error_IRQHandler
                0x00009e84        0x8 fsl_edma_irq.o
                0x00009e84                DMA_Error_IRQHandler
 .text.UART0_RX_TX_IRQHandler
                0x00009e8c        0x8 fsl_uart_irq.o
                0x00009e8c                UART0_RX_TX_IRQHandler
 .text.UART1_RX_TX_IRQHandler
                0x00009e94        0x8 fsl_uart_irq.o
                0x00009e94                UART1_RX_TX_IRQHandler
 .text.UART2_RX_TX_IRQHandler
                0x00009e9c        0x8 fsl_uart_irq.o
                0x00009e9c                UART2_RX_TX_IRQHandler
 .text.UART3_RX_TX_IRQHandler
                0x00009ea4        0x8 fsl_uart_irq.o
                0x00009ea4                UART3_RX_TX_IRQHandler
 .text.UART4_RX_TX_IRQHandler
                0x00009eac        0x8 fsl_uart_irq.o
                0x00009eac                UART4_RX_TX_IRQHandler
 .text.UART5_RX_TX_IRQHandler
                0x00009eb4        0x8 fsl_uart_irq.o
                0x00009eb4                UART5_RX_TX_IRQHandler
 .text.hardware_init
                0x00009ebc       0x34 hardware_init.o
                0x00009ebc                hardware_init
 .text.i2c_init
                0x00009ef0       0xb0 i2c_api.o
                0x00009ef0                i2c_init
 .text.i2c_frequency
                0x00009fa0       0x34 i2c_api.o
                0x00009fa0                i2c_frequency
 .text.i2c_read
                0x00009fd4      0x184 i2c_api.o
                0x00009fd4                i2c_read
 .text.i2c_write
                0x0000a158      0x140 i2c_api.o
                0x0000a158                i2c_write
 .text.NMI_Handler
                0x0000a298        0x4 irq_stub.o
                0x0000a298                NMI_Handler
 .text.HardFault_Handler
                0x0000a29c        0x4 irq_stub.o
                0x0000a29c                HardFault_Handler
 .text.MemManage_Handler
                0x0000a2a0        0x4 irq_stub.o
                0x0000a2a0                MemManage_Handler
 .text.BusFault_Handler
                0x0000a2a4        0x4 irq_stub.o
                0x0000a2a4                BusFault_Handler
 .text.UsageFault_Handler
                0x0000a2a8        0x4 irq_stub.o
                0x0000a2a8                UsageFault_Handler
 .text.DebugMon_Handler
                0x0000a2ac        0x4 irq_stub.o
                0x0000a2ac                DebugMon_Handler
 .text.MCM_IRQHandler
                0x0000a2b0        0x4 irq_stub.o
                0x0000a2b0                MCM_IRQHandler
 .text.FTFE_IRQHandler
                0x0000a2b4        0x4 irq_stub.o
                0x0000a2b4                FTFE_IRQHandler
 .text.Read_Collision_IRQHandler
                0x0000a2b8        0x4 irq_stub.o
                0x0000a2b8                Read_Collision_IRQHandler
 .text.LVD_LVW_IRQHandler
                0x0000a2bc        0x4 irq_stub.o
                0x0000a2bc                LVD_LVW_IRQHandler
 .text.LLWU_IRQHandler
                0x0000a2c0        0x4 irq_stub.o
                0x0000a2c0                LLWU_IRQHandler
 .text.WDOG_EWM_IRQHandler
                0x0000a2c4        0x4 irq_stub.o
                0x0000a2c4                WDOG_EWM_IRQHandler
 .text.RNG_IRQHandler
                0x0000a2c8        0x4 irq_stub.o
                0x0000a2c8                RNG_IRQHandler
 .text.I2C0_IRQHandler
                0x0000a2cc        0x4 irq_stub.o
                0x0000a2cc                I2C0_IRQHandler
 .text.I2C1_IRQHandler
                0x0000a2d0        0x4 irq_stub.o
                0x0000a2d0                I2C1_IRQHandler
 .text.SPI0_IRQHandler
                0x0000a2d4        0x4 irq_stub.o
                0x0000a2d4                SPI0_IRQHandler
 .text.SPI1_IRQHandler
                0x0000a2d8        0x4 irq_stub.o
                0x0000a2d8                SPI1_IRQHandler
 .text.I2S0_Tx_IRQHandler
                0x0000a2dc        0x4 irq_stub.o
                0x0000a2dc                I2S0_Tx_IRQHandler
 .text.I2S0_Rx_IRQHandler
                0x0000a2e0        0x4 irq_stub.o
                0x0000a2e0                I2S0_Rx_IRQHandler
 .text.UART0_LON_IRQHandler
                0x0000a2e4        0x4 irq_stub.o
                0x0000a2e4                UART0_LON_IRQHandler
 .text.UART0_ERR_IRQHandler
                0x0000a2e8        0x4 irq_stub.o
                0x0000a2e8                UART0_ERR_IRQHandler
 .text.UART1_ERR_IRQHandler
                0x0000a2ec        0x4 irq_stub.o
                0x0000a2ec                UART1_ERR_IRQHandler
 .text.UART2_ERR_IRQHandler
                0x0000a2f0        0x4 irq_stub.o
                0x0000a2f0                UART2_ERR_IRQHandler
 .text.UART3_ERR_IRQHandler
                0x0000a2f4        0x4 irq_stub.o
                0x0000a2f4                UART3_ERR_IRQHandler
 .text.ADC0_IRQHandler
                0x0000a2f8        0x4 irq_stub.o
                0x0000a2f8                ADC0_IRQHandler
 .text.CMP0_IRQHandler
                0x0000a2fc        0x4 irq_stub.o
                0x0000a2fc                CMP0_IRQHandler
 .text.CMP1_IRQHandler
                0x0000a300        0x4 irq_stub.o
                0x0000a300                CMP1_IRQHandler
 .text.FTM0_IRQHandler
                0x0000a304        0x4 irq_stub.o
                0x0000a304                FTM0_IRQHandler
 .text.FTM1_IRQHandler
                0x0000a308        0x4 irq_stub.o
                0x0000a308                FTM1_IRQHandler
 .text.FTM2_IRQHandler
                0x0000a30c        0x4 irq_stub.o
                0x0000a30c                FTM2_IRQHandler
 .text.CMT_IRQHandler
                0x0000a310        0x4 irq_stub.o
                0x0000a310                CMT_IRQHandler
 .text.RTC_IRQHandler
                0x0000a314        0x4 irq_stub.o
                0x0000a314                RTC_IRQHandler
 .text.RTC_Seconds_IRQHandler
                0x0000a318        0x4 irq_stub.o
                0x0000a318                RTC_Seconds_IRQHandler
 .text.PDB0_IRQHandler
                0x0000a31c        0x4 irq_stub.o
                0x0000a31c                PDB0_IRQHandler
 .text.USB0_IRQHandler
                0x0000a320        0x4 irq_stub.o
                0x0000a320                USB0_IRQHandler
 .text.USBDCD_IRQHandler
                0x0000a324        0x4 irq_stub.o
                0x0000a324                USBDCD_IRQHandler
 .text.Reserved71_IRQHandler
                0x0000a328        0x4 irq_stub.o
                0x0000a328                Reserved71_IRQHandler
 .text.DAC0_IRQHandler
                0x0000a32c        0x4 irq_stub.o
                0x0000a32c                DAC0_IRQHandler
 .text.MCG_IRQHandler
                0x0000a330        0x4 irq_stub.o
                0x0000a330                MCG_IRQHandler
 .text.LPTMR0_IRQHandler
                0x0000a334        0x4 irq_stub.o
                0x0000a334                LPTMR0_IRQHandler
 .text.PORTA_IRQHandler
                0x0000a338        0x4 irq_stub.o
                0x0000a338                PORTA_IRQHandler
 .text.PORTB_IRQHandler
                0x0000a33c        0x4 irq_stub.o
                0x0000a33c                PORTB_IRQHandler
 .text.PORTC_IRQHandler
                0x0000a340        0x4 irq_stub.o
                0x0000a340                PORTC_IRQHandler
 .text.PORTD_IRQHandler
                0x0000a344        0x4 irq_stub.o
                0x0000a344                PORTD_IRQHandler
 .text.PORTE_IRQHandler
                0x0000a348        0x4 irq_stub.o
                0x0000a348                PORTE_IRQHandler
 .text.SWI_IRQHandler
                0x0000a34c        0x4 irq_stub.o
                0x0000a34c                SWI_IRQHandler
 .text.SPI2_IRQHandler
                0x0000a350        0x4 irq_stub.o
                0x0000a350                SPI2_IRQHandler
 .text.UART4_ERR_IRQHandler
                0x0000a354        0x4 irq_stub.o
                0x0000a354                UART4_ERR_IRQHandler
 .text.UART5_ERR_IRQHandler
                0x0000a358        0x4 irq_stub.o
                0x0000a358                UART5_ERR_IRQHandler
 .text.CMP2_IRQHandler
                0x0000a35c        0x4 irq_stub.o
                0x0000a35c                CMP2_IRQHandler
 .text.FTM3_IRQHandler
                0x0000a360        0x4 irq_stub.o
                0x0000a360                FTM3_IRQHandler
 .text.DAC1_IRQHandler
                0x0000a364        0x4 irq_stub.o
                0x0000a364                DAC1_IRQHandler
 .text.ADC1_IRQHandler
                0x0000a368        0x4 irq_stub.o
                0x0000a368                ADC1_IRQHandler
 .text.I2C2_IRQHandler
                0x0000a36c        0x4 irq_stub.o
                0x0000a36c                I2C2_IRQHandler
 .text.CAN0_ORed_Message_buffer_IRQHandler
                0x0000a370        0x4 irq_stub.o
                0x0000a370                CAN0_ORed_Message_buffer_IRQHandler
 .text.CAN0_Bus_Off_IRQHandler
                0x0000a374        0x4 irq_stub.o
                0x0000a374                CAN0_Bus_Off_IRQHandler
 .text.CAN0_Error_IRQHandler
                0x0000a378        0x4 irq_stub.o
                0x0000a378                CAN0_Error_IRQHandler
 .text.CAN0_Tx_Warning_IRQHandler
                0x0000a37c        0x4 irq_stub.o
                0x0000a37c                CAN0_Tx_Warning_IRQHandler
 .text.CAN0_Rx_Warning_IRQHandler
                0x0000a380        0x4 irq_stub.o
                0x0000a380                CAN0_Rx_Warning_IRQHandler
 .text.CAN0_Wake_Up_IRQHandler
                0x0000a384        0x4 irq_stub.o
                0x0000a384                CAN0_Wake_Up_IRQHandler
 .text.GetPkt   0x0000a388       0xb0 k64f_ext_svr.o
 .text.UploadServerWork.part.5
                0x0000a438       0xb4 k64f_ext_svr.o
 .text.ProcessSelectTriggerSignalPkt.isra.3
                0x0000a4ec       0xf0 k64f_ext_svr.o
 .text.SendPktToHost
                0x0000a5dc       0x4c k64f_ext_svr.o
                0x0000a5dc                SendPktToHost
 .text.ExtParseArgsAndInitUD
                0x0000a628       0x40 k64f_ext_svr.o
                0x0000a628                ExtParseArgsAndInitUD
 .text.ExtWaitForStartPkt
                0x0000a668        0xc k64f_ext_svr.o
                0x0000a668                ExtWaitForStartPkt
 .text.rt_UploadServerWork
                0x0000a674       0x2c k64f_ext_svr.o
                0x0000a674                rt_UploadServerWork
 .text.rt_ExtModeInit
                0x0000a6a0       0x20 k64f_ext_svr.o
                0x0000a6a0                rt_ExtModeInit
 .text.rt_ExtModeSleep
                0x0000a6c0       0x10 k64f_ext_svr.o
                0x0000a6c0                rt_ExtModeSleep
 .text.rt_PktServerWork
                0x0000a6d0      0x44c k64f_ext_svr.o
                0x0000a6d0                rt_PktServerWork
 .text.rt_ExtModeShutdown
                0x0000ab1c       0xb0 k64f_ext_svr.o
                0x0000ab1c                rt_ExtModeShutdown
 .text.rt_UploadCheckTrigger
                0x0000abcc       0x18 k64f_ext_svr.o
                0x0000abcc                rt_UploadCheckTrigger
 .text.rt_UploadCheckEndTrigger
                0x0000abe4       0x14 k64f_ext_svr.o
                0x0000abe4                rt_UploadCheckEndTrigger
 .text.rt_UploadBufAddTimePoint
                0x0000abf8       0x30 k64f_ext_svr.o
                0x0000abf8                rt_UploadBufAddTimePoint
 .text.initializeCommService
                0x0000ac28        0x4 k64f_rtiostream_commservice.o
                0x0000ac28                initializeCommService
 .text.terminateCommService
                0x0000ac2c        0x4 k64f_rtiostream_commservice.o
                0x0000ac2c                terminateCommService
 .text.rtIOStreamOpen
                0x0000ac30        0x4 k64f_rtiostream_commservice.o
                0x0000ac30                rtIOStreamOpen
 .text.rtIOStreamSend
                0x0000ac34       0x28 k64f_rtiostream_commservice.o
                0x0000ac34                rtIOStreamSend
 .text.rtIOStreamRecv
                0x0000ac5c       0x28 k64f_rtiostream_commservice.o
                0x0000ac5c                rtIOStreamRecv
 .text.rtIOStreamClose
                0x0000ac84        0x4 k64f_rtiostream_commservice.o
                0x0000ac84                rtIOStreamClose
 .text.ExtProcessArgs
                0x0000ac88       0x78 k64f_rtiostream_interface.o
                0x0000ac88                ExtProcessArgs
 .text.ExtUserDataCreate
                0x0000ad00        0x8 k64f_rtiostream_interface.o
                0x0000ad00                ExtUserDataCreate
 .text.ExtInit  0x0000ad08        0x4 k64f_rtiostream_interface.o
                0x0000ad08                ExtInit
 .text.ExtSetHostPkt
                0x0000ad0c       0x20 k64f_rtiostream_interface.o
                0x0000ad0c                ExtSetHostPkt
 .text.ExtGetHostPkt
                0x0000ad2c       0x24 k64f_rtiostream_interface.o
                0x0000ad2c                ExtGetHostPkt
 .text.ExtWaitForStartPktFromHost
                0x0000ad50        0x4 k64f_rtiostream_interface.o
                0x0000ad50                ExtWaitForStartPktFromHost
 .text.ExtUserDataDestroy
                0x0000ad54        0x4 k64f_rtiostream_interface.o
                0x0000ad54                ExtUserDataDestroy
 .text.ExtModeSleep
                0x0000ad58        0x4 k64f_rtiostream_interface.o
                0x0000ad58                ExtModeSleep
 .text.ExtOpenConnection
                0x0000ad5c        0x8 k64f_rtiostream_interface.o
                0x0000ad5c                ExtOpenConnection
 .text.ExtForceDisconnect
                0x0000ad64        0x4 k64f_rtiostream_interface.o
                0x0000ad64                ExtForceDisconnect
 .text.ExtCloseConnection
                0x0000ad68        0x4 k64f_rtiostream_interface.o
                0x0000ad68                ExtCloseConnection
 .text.ExtShutDown
                0x0000ad6c        0x8 k64f_rtiostream_interface.o
                0x0000ad6c                ExtShutDown
 .text.rtIOStreamBlockingSend
                0x0000ad74       0x34 k64f_rtiostream_utils.o
                0x0000ad74                rtIOStreamBlockingSend
 .text.mw_osSignalEventCreate
                0x0000ada8        0x8 mw_signal.o
                0x0000ada8                mw_osSignalEventCreate
 .text.mw_osSignalEventRelease
                0x0000adb0        0xc mw_signal.o
                0x0000adb0                mw_osSignalEventRelease
 .text.mw_osSignalEventWaitEver
                0x0000adbc       0x20 mw_signal.o
                0x0000adbc                mw_osSignalEventWaitEver
 .text.mw_osThreadCreate
                0x0000addc       0x20 mw_thread.o
                0x0000addc                mw_osThreadCreate
 .text.mw_osThreadGetId
                0x0000adfc        0x4 mw_thread.o
                0x0000adfc                mw_osThreadGetId
 .text.mw_osThreadExit
                0x0000ae00       0x10 mw_thread.o
                0x0000ae00                mw_osThreadExit
 .text.mw_osThreadJoin
                0x0000ae10        0xc mw_thread.o
                0x0000ae10                mw_osThreadJoin
 .text.mw_osTimerCreate
                0x0000ae1c       0x20 mw_timer.o
                0x0000ae1c                mw_osTimerCreate
 .text.mw_osTimerStart
                0x0000ae3c        0x8 mw_timer.o
                0x0000ae3c                mw_osTimerStart
 .text.configure_uart_pins
                0x0000ae44       0xa0 pin_mux.o
                0x0000ae44                configure_uart_pins
 .text._sbrk    0x0000aee4       0x40 sbrk.o
                0x0000aee4                _sbrk
 .text.init_data_bss
                0x0000af24      0x134 startup.o
                0x0000af24                init_data_bss
 .text.SystemInit
                0x0000b058      0x140 system_MK64F12.o
                0x0000b058                SystemInit
 .text.SystemCoreClockUpdate
                0x0000b198      0x1a4 system_MK64F12.o
                0x0000b198                SystemCoreClockUpdate
 .text.getUARTBaudrate
                0x0000b33c        0x8 tgtSvc_UARTInfo.o
                0x0000b33c                getUARTBaudrate
 .text.getUARTInstance
                0x0000b344        0x4 tgtSvc_UARTInfo.o
                0x0000b344                getUARTInstance
 .text.UploadLogInfoTerm.part.2
                0x0000b348      0x1b0 updown.o
 .text.SetParam
                0x0000b4f8       0x8c updown.o
                0x0000b4f8                SetParam
 .text.UploadLogInfoReset
                0x0000b584       0xa0 updown.o
                0x0000b584                UploadLogInfoReset
 .text.UploadLogInfoTerm
                0x0000b624       0x18 updown.o
                0x0000b624                UploadLogInfoTerm
 .text.UploadPrepareForFinalFlush
                0x0000b63c       0x28 updown.o
                0x0000b63c                UploadPrepareForFinalFlush
 .text.UploadLogInfoInit
                0x0000b664      0x284 updown.o
                0x0000b664                UploadLogInfoInit
 .text.UploadInitTrigger
                0x0000b8e8      0x1c0 updown.o
                0x0000b8e8                UploadInitTrigger
 .text.UploadArmTrigger
                0x0000baa8       0x5c updown.o
                0x0000baa8                UploadArmTrigger
 .text.UploadEndLoggingSession
                0x0000bb04       0x28 updown.o
                0x0000bb04                UploadEndLoggingSession
 .text.UploadCancelLogging
                0x0000bb2c       0x34 updown.o
                0x0000bb2c                UploadCancelLogging
 .text.UploadBufDataSent
                0x0000bb60       0x3c updown.o
                0x0000bb60                UploadBufDataSent
 .text.UploadBufAddTimePoint
                0x0000bb9c      0x644 updown.o
                0x0000bb9c                UploadBufAddTimePoint
 .text.UploadCheckTrigger
                0x0000c1e0       0x9c updown.o
                0x0000c1e0                UploadCheckTrigger
 .text.UploadCheckEndTrigger
                0x0000c27c       0x2c updown.o
                0x0000c27c                UploadCheckEndTrigger
 .text.UploadBufGetData
                0x0000c2a8      0x144 updown.o
                0x0000c2a8                UploadBufGetData
 .text.sendToCommSvc
                0x0000c3ec       0x1c C:/ProgramData/MATLAB/SupportPackages/R2019a/toolbox/target/supportpackages/freedomk64f/bin/libcodertarget_RTIOStreamAppSvc.lib(RTIOStreamTgtAppSvcCIntrf.o)
                0x0000c3ec                sendToCommSvc
 .text.receiveFromCommSvc
                0x0000c408       0x1c C:/ProgramData/MATLAB/SupportPackages/R2019a/toolbox/target/supportpackages/freedomk64f/bin/libcodertarget_RTIOStreamAppSvc.lib(RTIOStreamTgtAppSvcCIntrf.o)
                0x0000c408                receiveFromCommSvc
 .text._ZN19RTIOStreamTgtAppSvc2idEv
                0x0000c424        0x4 C:/ProgramData/MATLAB/SupportPackages/R2019a/toolbox/target/supportpackages/freedomk64f/bin/libcodertarget_RTIOStreamAppSvc.lib(RTIOStreamTgtAppSvc.o)
                0x0000c424                RTIOStreamTgtAppSvc::id()
 .text._ZN19RTIOStreamTgtAppSvc13handleConnectEb
                0x0000c428        0x4 C:/ProgramData/MATLAB/SupportPackages/R2019a/toolbox/target/supportpackages/freedomk64f/bin/libcodertarget_RTIOStreamAppSvc.lib(RTIOStreamTgtAppSvc.o)
                0x0000c428                RTIOStreamTgtAppSvc::handleConnect(bool)
 .text._ZNK5coder6tgtsvc7Message7payloadEv.part.1
                0x0000c42c       0x1c C:/ProgramData/MATLAB/SupportPackages/R2019a/toolbox/target/supportpackages/freedomk64f/bin/libcodertarget_RTIOStreamAppSvc.lib(RTIOStreamTgtAppSvc.o)
 .text.unlikely._ZNK5coder6tgtsvc7Message6headerEv.part.2
                0x0000c448       0x1c C:/ProgramData/MATLAB/SupportPackages/R2019a/toolbox/target/supportpackages/freedomk64f/bin/libcodertarget_RTIOStreamAppSvc.lib(RTIOStreamTgtAppSvc.o)
 .text._ZN19RTIOStreamTgtAppSvcD2Ev
                0x0000c464       0x64 C:/ProgramData/MATLAB/SupportPackages/R2019a/toolbox/target/supportpackages/freedomk64f/bin/libcodertarget_RTIOStreamAppSvc.lib(RTIOStreamTgtAppSvc.o)
                0x0000c464                RTIOStreamTgtAppSvc::~RTIOStreamTgtAppSvc()
                0x0000c464                RTIOStreamTgtAppSvc::~RTIOStreamTgtAppSvc()
 .text._ZN19RTIOStreamTgtAppSvcD0Ev
                0x0000c4c8       0x14 C:/ProgramData/MATLAB/SupportPackages/R2019a/toolbox/target/supportpackages/freedomk64f/bin/libcodertarget_RTIOStreamAppSvc.lib(RTIOStreamTgtAppSvc.o)
                0x0000c4c8                RTIOStreamTgtAppSvc::~RTIOStreamTgtAppSvc()
 .text._ZN19RTIOStreamTgtAppSvc13handleMessageEPN5coder6tgtsvc7MessageE
                0x0000c4dc       0xac C:/ProgramData/MATLAB/SupportPackages/R2019a/toolbox/target/supportpackages/freedomk64f/bin/libcodertarget_RTIOStreamAppSvc.lib(RTIOStreamTgtAppSvc.o)
                0x0000c4dc                RTIOStreamTgtAppSvc::handleMessage(coder::tgtsvc::Message*)
 .text._ZN19RTIOStreamTgtAppSvc12get_instanceEv
                0x0000c588       0x80 C:/ProgramData/MATLAB/SupportPackages/R2019a/toolbox/target/supportpackages/freedomk64f/bin/libcodertarget_RTIOStreamAppSvc.lib(RTIOStreamTgtAppSvc.o)
                0x0000c588                RTIOStreamTgtAppSvc::get_instance()
 .text._ZN19RTIOStreamTgtAppSvc21sendDataToCommServiceEPKvjPj
                0x0000c608      0x1b8 C:/ProgramData/MATLAB/SupportPackages/R2019a/toolbox/target/supportpackages/freedomk64f/bin/libcodertarget_RTIOStreamAppSvc.lib(RTIOStreamTgtAppSvc.o)
                0x0000c608                RTIOStreamTgtAppSvc::sendDataToCommService(void const*, unsigned int, unsigned int*)
 .text._ZN19RTIOStreamTgtAppSvc26receiveDataFromCommServiceEPvjPj
                0x0000c7c0       0xe0 C:/ProgramData/MATLAB/SupportPackages/R2019a/toolbox/target/supportpackages/freedomk64f/bin/libcodertarget_RTIOStreamAppSvc.lib(RTIOStreamTgtAppSvc.o)
                0x0000c7c0                RTIOStreamTgtAppSvc::receiveDataFromCommService(void*, unsigned int, unsigned int*)
 .text._ZN5coder6tgtsvc11CommServiceD2Ev
                0x0000c8a0       0x18 C:/ProgramData/MATLAB/SupportPackages/R2019a/toolbox/target/supportpackages/freedomk64f/bin/bm/libcodertarget_TargetServices.lib(CommService.o)
                0x0000c8a0                coder::tgtsvc::CommService::~CommService()
                0x0000c8a0                coder::tgtsvc::CommService::~CommService()
 .text.unlikely._ZNK5coder6tgtsvc7Message7payloadEv.part.5
                0x0000c8b8       0x1c C:/ProgramData/MATLAB/SupportPackages/R2019a/toolbox/target/supportpackages/freedomk64f/bin/bm/libcodertarget_TargetServices.lib(CommService.o)
 .text.unlikely._ZNK5coder6tgtsvc7Message6headerEv.part.6
                0x0000c8d4       0x1c C:/ProgramData/MATLAB/SupportPackages/R2019a/toolbox/target/supportpackages/freedomk64f/bin/bm/libcodertarget_TargetServices.lib(CommService.o)
 .text._ZN5coder6tgtsvc11CommService13initializeDMAEv.part.7
                0x0000c8f0       0x64 C:/ProgramData/MATLAB/SupportPackages/R2019a/toolbox/target/supportpackages/freedomk64f/bin/bm/libcodertarget_TargetServices.lib(CommService.o)
 .text._ZN5coder6tgtsvc11CommService15deinitializeDMAEv.part.8
                0x0000c954       0x48 C:/ProgramData/MATLAB/SupportPackages/R2019a/toolbox/target/supportpackages/freedomk64f/bin/bm/libcodertarget_TargetServices.lib(CommService.o)
 .text._ZN5coder6tgtsvc11StatusFlags8instanceEv
                0x0000c99c        0x8 C:/ProgramData/MATLAB/SupportPackages/R2019a/toolbox/target/supportpackages/freedomk64f/bin/bm/libcodertarget_TargetServices.lib(CommService.o)
                0x0000c99c                coder::tgtsvc::StatusFlags::instance()
 .text._ZN5coder6tgtsvc11CommService11sendMessageEPNS0_7MessageENS2_8PriorityE
                0x0000c9a4       0xa8 C:/ProgramData/MATLAB/SupportPackages/R2019a/toolbox/target/supportpackages/freedomk64f/bin/bm/libcodertarget_TargetServices.lib(CommService.o)
                0x0000c9a4                coder::tgtsvc::CommService::sendMessage(coder::tgtsvc::Message*, coder::tgtsvc::Message::Priority)
 .text._ZN5coder6tgtsvc11CommService16updateSendStatusEv
                0x0000ca4c       0x64 C:/ProgramData/MATLAB/SupportPackages/R2019a/toolbox/target/supportpackages/freedomk64f/bin/bm/libcodertarget_TargetServices.lib(CommService.o)
                0x0000ca4c                coder::tgtsvc::CommService::updateSendStatus()
 .text._ZN5coder6tgtsvc11CommService5resetEv
                0x0000cab0      0x140 C:/ProgramData/MATLAB/SupportPackages/R2019a/toolbox/target/supportpackages/freedomk64f/bin/bm/libcodertarget_TargetServices.lib(CommService.o)
                0x0000cab0                coder::tgtsvc::CommService::reset()
 .text._ZN5coder6tgtsvc11CommServiceC2Ev
                0x0000cbf0       0x90 C:/ProgramData/MATLAB/SupportPackages/R2019a/toolbox/target/supportpackages/freedomk64f/bin/bm/libcodertarget_TargetServices.lib(CommService.o)
                0x0000cbf0                coder::tgtsvc::CommService::CommService()
                0x0000cbf0                coder::tgtsvc::CommService::CommService()
 .text._ZN5coder6tgtsvc11CommService8instanceEv
                0x0000cc80       0x4c C:/ProgramData/MATLAB/SupportPackages/R2019a/toolbox/target/supportpackages/freedomk64f/bin/bm/libcodertarget_TargetServices.lib(CommService.o)
                0x0000cc80                coder::tgtsvc::CommService::instance()
 .text.receiveComplete
                0x0000cccc       0x5c C:/ProgramData/MATLAB/SupportPackages/R2019a/toolbox/target/supportpackages/freedomk64f/bin/bm/libcodertarget_TargetServices.lib(CommService.o)
                0x0000cccc                receiveComplete
 .text.sendComplete
                0x0000cd28       0x70 C:/ProgramData/MATLAB/SupportPackages/R2019a/toolbox/target/supportpackages/freedomk64f/bin/bm/libcodertarget_TargetServices.lib(CommService.o)
                0x0000cd28                sendComplete
 .text._ZN5coder6tgtsvc11CommService12sendQueuePopEv
                0x0000cd98       0x60 C:/ProgramData/MATLAB/SupportPackages/R2019a/toolbox/target/supportpackages/freedomk64f/bin/bm/libcodertarget_TargetServices.lib(CommService.o)
                0x0000cd98                coder::tgtsvc::CommService::sendQueuePop()
 .text._ZN5coder6tgtsvc11CommService17connectedSendTaskEv
                0x0000cdf8      0x278 C:/ProgramData/MATLAB/SupportPackages/R2019a/toolbox/target/supportpackages/freedomk64f/bin/bm/libcodertarget_TargetServices.lib(CommService.o)
                0x0000cdf8                coder::tgtsvc::CommService::connectedSendTask()
 .text._ZN5coder6tgtsvc11CommService22verifyNextSerialPacketEv
                0x0000d070      0x170 C:/ProgramData/MATLAB/SupportPackages/R2019a/toolbox/target/supportpackages/freedomk64f/bin/bm/libcodertarget_TargetServices.lib(CommService.o)
                0x0000d070                coder::tgtsvc::CommService::verifyNextSerialPacket()
 .text._ZN5coder6tgtsvc11CommService13handleMessageEPNS0_7MessageE
                0x0000d1e0      0x164 C:/ProgramData/MATLAB/SupportPackages/R2019a/toolbox/target/supportpackages/freedomk64f/bin/bm/libcodertarget_TargetServices.lib(CommService.o)
                0x0000d1e0                coder::tgtsvc::CommService::handleMessage(coder::tgtsvc::Message*)
 .text._ZN5coder6tgtsvc11CommService13handleAppDataEv
                0x0000d344      0x240 C:/ProgramData/MATLAB/SupportPackages/R2019a/toolbox/target/supportpackages/freedomk64f/bin/bm/libcodertarget_TargetServices.lib(CommService.o)
                0x0000d344                coder::tgtsvc::CommService::handleAppData()
 .text._ZN5coder6tgtsvc11CommService17connectedRecvTaskEv
                0x0000d584       0xc0 C:/ProgramData/MATLAB/SupportPackages/R2019a/toolbox/target/supportpackages/freedomk64f/bin/bm/libcodertarget_TargetServices.lib(CommService.o)
                0x0000d584                coder::tgtsvc::CommService::connectedRecvTask()
 .text._ZN5coder6tgtsvc11CommService3runEv
                0x0000d644      0x1cc C:/ProgramData/MATLAB/SupportPackages/R2019a/toolbox/target/supportpackages/freedomk64f/bin/bm/libcodertarget_TargetServices.lib(CommService.o)
                0x0000d644                coder::tgtsvc::CommService::run()
 .text.runCommService
                0x0000d810       0xac C:/ProgramData/MATLAB/SupportPackages/R2019a/toolbox/target/supportpackages/freedomk64f/bin/bm/libcodertarget_TargetServices.lib(CommService.o)
                0x0000d810                runCommService
 .text.terminateCommServiceTask
                0x0000d8bc       0x40 C:/ProgramData/MATLAB/SupportPackages/R2019a/toolbox/target/supportpackages/freedomk64f/bin/bm/libcodertarget_TargetServices.lib(CommService.o)
                0x0000d8bc                terminateCommServiceTask
 .text.setCommServiceErrorState
                0x0000d8fc       0x10 C:/ProgramData/MATLAB/SupportPackages/R2019a/toolbox/target/supportpackages/freedomk64f/bin/bm/libcodertarget_TargetServices.lib(CommService.o)
                0x0000d8fc                setCommServiceErrorState
 .text.startup._GLOBAL__sub_I_receiveComplete
                0x0000d90c       0x1c C:/ProgramData/MATLAB/SupportPackages/R2019a/toolbox/target/supportpackages/freedomk64f/bin/bm/libcodertarget_TargetServices.lib(CommService.o)
 .text._ZN5coder6tgtsvc11Application8dispatchEPNS0_7MessageE
                0x0000d928       0x80 C:/ProgramData/MATLAB/SupportPackages/R2019a/toolbox/target/supportpackages/freedomk64f/bin/bm/libcodertarget_TargetServices.lib(Application.o)
                0x0000d928                coder::tgtsvc::Application::dispatch(coder::tgtsvc::Message*)
 .text._ZN5coder6tgtsvc11Application17connectionChangedEb
                0x0000d9a8       0x24 C:/ProgramData/MATLAB/SupportPackages/R2019a/toolbox/target/supportpackages/freedomk64f/bin/bm/libcodertarget_TargetServices.lib(Application.o)
                0x0000d9a8                coder::tgtsvc::Application::connectionChanged(bool)
 .text._ZN5coder6tgtsvc7MessagenwEj
                0x0000d9cc       0x14 C:/ProgramData/MATLAB/SupportPackages/R2019a/toolbox/target/supportpackages/freedomk64f/bin/bm/libcodertarget_TargetServices.lib(Message.o)
                0x0000d9cc                coder::tgtsvc::Message::operator new(unsigned int)
 .text._ZN5coder6tgtsvc7MessagedlEPv
                0x0000d9e0       0x1c C:/ProgramData/MATLAB/SupportPackages/R2019a/toolbox/target/supportpackages/freedomk64f/bin/bm/libcodertarget_TargetServices.lib(Message.o)
                0x0000d9e0                coder::tgtsvc::Message::operator delete(void*)
 .text._ZN5coder6tgtsvc7Message5allocEt
                0x0000d9fc       0x14 C:/ProgramData/MATLAB/SupportPackages/R2019a/toolbox/target/supportpackages/freedomk64f/bin/bm/libcodertarget_TargetServices.lib(Message.o)
                0x0000d9fc                coder::tgtsvc::Message::alloc(unsigned short)
 .text._ZNK5coder6tgtsvc7Message15payloadCapacityEv
                0x0000da10        0xc C:/ProgramData/MATLAB/SupportPackages/R2019a/toolbox/target/supportpackages/freedomk64f/bin/bm/libcodertarget_TargetServices.lib(Message.o)
                0x0000da10                coder::tgtsvc::Message::payloadCapacity() const
 .text._ZN5coder6tgtsvc7Message18maxPayloadCapacityEv
                0x0000da1c        0xc C:/ProgramData/MATLAB/SupportPackages/R2019a/toolbox/target/supportpackages/freedomk64f/bin/bm/libcodertarget_TargetServices.lib(Message.o)
                0x0000da1c                coder::tgtsvc::Message::maxPayloadCapacity()
 .text.enter_critical_section
                0x0000da28       0x10 C:/ProgramData/MATLAB/SupportPackages/R2019a/toolbox/target/supportpackages/freedomk64f/bin/bm/libcodertarget_TargetServices.lib(critical_section.o)
                0x0000da28                enter_critical_section
 .text.leave_critical_section
                0x0000da38       0x30 C:/ProgramData/MATLAB/SupportPackages/R2019a/toolbox/target/supportpackages/freedomk64f/bin/bm/libcodertarget_TargetServices.lib(critical_section.o)
                0x0000da38                leave_critical_section
 .text._ZN5coder6tgtsvc13MemoryServiceD2Ev
                0x0000da68        0x4 C:/ProgramData/MATLAB/SupportPackages/R2019a/toolbox/target/supportpackages/freedomk64f/bin/bm/libcodertarget_TargetServices.lib(MemoryService.o)
                0x0000da68                coder::tgtsvc::MemoryService::~MemoryService()
                0x0000da68                coder::tgtsvc::MemoryService::~MemoryService()
 .text._ZN5coder6tgtsvc13MemoryService8instanceEv
                0x0000da6c       0x64 C:/ProgramData/MATLAB/SupportPackages/R2019a/toolbox/target/supportpackages/freedomk64f/bin/bm/libcodertarget_TargetServices.lib(MemoryService.o)
                0x0000da6c                coder::tgtsvc::MemoryService::instance()
 .text._ZN5coder6tgtsvc13MemoryService5allocEj
                0x0000dad0       0x2c C:/ProgramData/MATLAB/SupportPackages/R2019a/toolbox/target/supportpackages/freedomk64f/bin/bm/libcodertarget_TargetServices.lib(MemoryService.o)
                0x0000dad0                coder::tgtsvc::MemoryService::alloc(unsigned int)
 .text._ZN5coder6tgtsvc13MemoryService4freeEPv
                0x0000dafc       0x1c C:/ProgramData/MATLAB/SupportPackages/R2019a/toolbox/target/supportpackages/freedomk64f/bin/bm/libcodertarget_TargetServices.lib(MemoryService.o)
                0x0000dafc                coder::tgtsvc::MemoryService::free(void*)
 .text.osThreadExit
                0x0000db18       0x18 C:/ProgramData/MATLAB/SupportPackages/R2019a/3P.instrset/cmsis.instrset/CMSIS/RTOS/RTX/LIB/GCC/libRTX_CM4.a(rt_cmsis.o)
                0x0000db18                osThreadExit
 .text.svcKernelInitialize
                0x0000db30      0x100 C:/ProgramData/MATLAB/SupportPackages/R2019a/3P.instrset/cmsis.instrset/CMSIS/RTOS/RTX/LIB/GCC/libRTX_CM4.a(rt_cmsis.o)
                0x0000db30                svcKernelInitialize
 .text.svcKernelStart
                0x0000dc30       0x4c C:/ProgramData/MATLAB/SupportPackages/R2019a/3P.instrset/cmsis.instrset/CMSIS/RTOS/RTX/LIB/GCC/libRTX_CM4.a(rt_cmsis.o)
                0x0000dc30                svcKernelStart
 .text.osKernelInitialize
                0x0000dc7c      0x120 C:/ProgramData/MATLAB/SupportPackages/R2019a/3P.instrset/cmsis.instrset/CMSIS/RTOS/RTX/LIB/GCC/libRTX_CM4.a(rt_cmsis.o)
                0x0000dc7c                osKernelInitialize
 .text.osKernelStart
                0x0000dd9c       0x70 C:/ProgramData/MATLAB/SupportPackages/R2019a/3P.instrset/cmsis.instrset/CMSIS/RTOS/RTX/LIB/GCC/libRTX_CM4.a(rt_cmsis.o)
                0x0000dd9c                osKernelStart
 .text.svcThreadCreate
                0x0000de0c       0x7c C:/ProgramData/MATLAB/SupportPackages/R2019a/3P.instrset/cmsis.instrset/CMSIS/RTOS/RTX/LIB/GCC/libRTX_CM4.a(rt_cmsis.o)
                0x0000de0c                svcThreadCreate
 .text.svcThreadGetId
                0x0000de88       0x18 C:/ProgramData/MATLAB/SupportPackages/R2019a/3P.instrset/cmsis.instrset/CMSIS/RTOS/RTX/LIB/GCC/libRTX_CM4.a(rt_cmsis.o)
                0x0000de88                svcThreadGetId
 .text.svcThreadTerminate
                0x0000dea0       0x44 C:/ProgramData/MATLAB/SupportPackages/R2019a/3P.instrset/cmsis.instrset/CMSIS/RTOS/RTX/LIB/GCC/libRTX_CM4.a(rt_cmsis.o)
                0x0000dea0                svcThreadTerminate
 .text.osThreadCreate
                0x0000dee4       0x9c C:/ProgramData/MATLAB/SupportPackages/R2019a/3P.instrset/cmsis.instrset/CMSIS/RTOS/RTX/LIB/GCC/libRTX_CM4.a(rt_cmsis.o)
                0x0000dee4                osThreadCreate
 .text.osThreadGetId
                0x0000df80       0x18 C:/ProgramData/MATLAB/SupportPackages/R2019a/3P.instrset/cmsis.instrset/CMSIS/RTOS/RTX/LIB/GCC/libRTX_CM4.a(rt_cmsis.o)
                0x0000df80                osThreadGetId
 .text.osThreadTerminate
                0x0000df98       0x18 C:/ProgramData/MATLAB/SupportPackages/R2019a/3P.instrset/cmsis.instrset/CMSIS/RTOS/RTX/LIB/GCC/libRTX_CM4.a(rt_cmsis.o)
                0x0000df98                osThreadTerminate
 .text.svcTimerCreate
                0x0000dfb0       0x3c C:/ProgramData/MATLAB/SupportPackages/R2019a/3P.instrset/cmsis.instrset/CMSIS/RTOS/RTX/LIB/GCC/libRTX_CM4.a(rt_cmsis.o)
                0x0000dfb0                svcTimerCreate
 .text.svcTimerStart
                0x0000dfec       0xc8 C:/ProgramData/MATLAB/SupportPackages/R2019a/3P.instrset/cmsis.instrset/CMSIS/RTOS/RTX/LIB/GCC/libRTX_CM4.a(rt_cmsis.o)
                0x0000dfec                svcTimerStart
 .text.svcTimerCall
                0x0000e0b4       0x18 C:/ProgramData/MATLAB/SupportPackages/R2019a/3P.instrset/cmsis.instrset/CMSIS/RTOS/RTX/LIB/GCC/libRTX_CM4.a(rt_cmsis.o)
                0x0000e0b4                svcTimerCall
 .text.sysTimerTick
                0x0000e0cc       0xb4 C:/ProgramData/MATLAB/SupportPackages/R2019a/3P.instrset/cmsis.instrset/CMSIS/RTOS/RTX/LIB/GCC/libRTX_CM4.a(rt_cmsis.o)
                0x0000e0cc                sysTimerTick
 .text.osTimerCreate
                0x0000e180       0x64 C:/ProgramData/MATLAB/SupportPackages/R2019a/3P.instrset/cmsis.instrset/CMSIS/RTOS/RTX/LIB/GCC/libRTX_CM4.a(rt_cmsis.o)
                0x0000e180                osTimerCreate
 .text.osTimerStart
                0x0000e1e4       0x18 C:/ProgramData/MATLAB/SupportPackages/R2019a/3P.instrset/cmsis.instrset/CMSIS/RTOS/RTX/LIB/GCC/libRTX_CM4.a(rt_cmsis.o)
                0x0000e1e4                osTimerStart
 .text.osTimerThread
                0x0000e1fc       0x40 C:/ProgramData/MATLAB/SupportPackages/R2019a/3P.instrset/cmsis.instrset/CMSIS/RTOS/RTX/LIB/GCC/libRTX_CM4.a(rt_cmsis.o)
                0x0000e1fc                osTimerThread
 .text.svcSignalSet
                0x0000e23c       0x28 C:/ProgramData/MATLAB/SupportPackages/R2019a/3P.instrset/cmsis.instrset/CMSIS/RTOS/RTX/LIB/GCC/libRTX_CM4.a(rt_cmsis.o)
                0x0000e23c                svcSignalSet
 .text.svcSignalClear
                0x0000e264       0x28 C:/ProgramData/MATLAB/SupportPackages/R2019a/3P.instrset/cmsis.instrset/CMSIS/RTOS/RTX/LIB/GCC/libRTX_CM4.a(rt_cmsis.o)
                0x0000e264                svcSignalClear
 .text.svcSignalWait
                0x0000e28c       0xfc C:/ProgramData/MATLAB/SupportPackages/R2019a/3P.instrset/cmsis.instrset/CMSIS/RTOS/RTX/LIB/GCC/libRTX_CM4.a(rt_cmsis.o)
                0x0000e28c                svcSignalWait
 .text.osSignalSet
                0x0000e388       0x40 C:/ProgramData/MATLAB/SupportPackages/R2019a/3P.instrset/cmsis.instrset/CMSIS/RTOS/RTX/LIB/GCC/libRTX_CM4.a(rt_cmsis.o)
                0x0000e388                osSignalSet
 .text.osSignalClear
                0x0000e3c8       0x1c C:/ProgramData/MATLAB/SupportPackages/R2019a/3P.instrset/cmsis.instrset/CMSIS/RTOS/RTX/LIB/GCC/libRTX_CM4.a(rt_cmsis.o)
                0x0000e3c8                osSignalClear
 .text.osSignalWait
                0x0000e3e4       0x28 C:/ProgramData/MATLAB/SupportPackages/R2019a/3P.instrset/cmsis.instrset/CMSIS/RTOS/RTX/LIB/GCC/libRTX_CM4.a(rt_cmsis.o)
                0x0000e3e4                osSignalWait
 .text.svcMessageGet
                0x0000e40c       0xa8 C:/ProgramData/MATLAB/SupportPackages/R2019a/3P.instrset/cmsis.instrset/CMSIS/RTOS/RTX/LIB/GCC/libRTX_CM4.a(rt_cmsis.o)
                0x0000e40c                svcMessageGet
 .text.rt_init_stack
                0x0000e4b4       0xa4 C:/ProgramData/MATLAB/SupportPackages/R2019a/3P.instrset/cmsis.instrset/CMSIS/RTOS/RTX/LIB/GCC/libRTX_CM4.a(hal_cm.o)
                0x0000e4b4                rt_init_stack
 .text.rt_ret_val
                0x0000e558       0x14 C:/ProgramData/MATLAB/SupportPackages/R2019a/3P.instrset/cmsis.instrset/CMSIS/RTOS/RTX/LIB/GCC/libRTX_CM4.a(hal_cm.o)
                0x0000e558                rt_ret_val
 .text.rt_ret_val2
                0x0000e56c       0x24 C:/ProgramData/MATLAB/SupportPackages/R2019a/3P.instrset/cmsis.instrset/CMSIS/RTOS/RTX/LIB/GCC/libRTX_CM4.a(hal_cm.o)
                0x0000e56c                rt_ret_val2
 .text.dbg_init
                0x0000e590       0x34 C:/ProgramData/MATLAB/SupportPackages/R2019a/3P.instrset/cmsis.instrset/CMSIS/RTOS/RTX/LIB/GCC/libRTX_CM4.a(hal_cm.o)
                0x0000e590                dbg_init
 .text.dbg_task_notify
                0x0000e5c4       0x2c C:/ProgramData/MATLAB/SupportPackages/R2019a/3P.instrset/cmsis.instrset/CMSIS/RTOS/RTX/LIB/GCC/libRTX_CM4.a(hal_cm.o)
                0x0000e5c4                dbg_task_notify
 .text.dbg_task_switch
                0x0000e5f0       0x14 C:/ProgramData/MATLAB/SupportPackages/R2019a/3P.instrset/cmsis.instrset/CMSIS/RTOS/RTX/LIB/GCC/libRTX_CM4.a(hal_cm.o)
                0x0000e5f0                dbg_task_switch
 .text.rt_init_mem
                0x0000e604       0x1c C:/ProgramData/MATLAB/SupportPackages/R2019a/3P.instrset/cmsis.instrset/CMSIS/RTOS/RTX/LIB/GCC/libRTX_CM4.a(rt_memory.o)
                0x0000e604                rt_init_mem
 .text.rt_alloc_mem
                0x0000e620       0x50 C:/ProgramData/MATLAB/SupportPackages/R2019a/3P.instrset/cmsis.instrset/CMSIS/RTOS/RTX/LIB/GCC/libRTX_CM4.a(rt_memory.o)
                0x0000e620                rt_alloc_mem
 .text.rt_free_mem
                0x0000e670       0x44 C:/ProgramData/MATLAB/SupportPackages/R2019a/3P.instrset/cmsis.instrset/CMSIS/RTOS/RTX/LIB/GCC/libRTX_CM4.a(rt_memory.o)
                0x0000e670                rt_free_mem
 .text._init_box
                0x0000e6b4       0x58 C:/ProgramData/MATLAB/SupportPackages/R2019a/3P.instrset/cmsis.instrset/CMSIS/RTOS/RTX/LIB/GCC/libRTX_CM4.a(rt_membox.o)
                0x0000e6b4                _init_box
 .text.rt_alloc_box
                0x0000e70c       0x1c C:/ProgramData/MATLAB/SupportPackages/R2019a/3P.instrset/cmsis.instrset/CMSIS/RTOS/RTX/LIB/GCC/libRTX_CM4.a(rt_membox.o)
                0x0000e70c                rt_alloc_box
 .text.rt_free_box
                0x0000e728       0x28 C:/ProgramData/MATLAB/SupportPackages/R2019a/3P.instrset/cmsis.instrset/CMSIS/RTOS/RTX/LIB/GCC/libRTX_CM4.a(rt_membox.o)
                0x0000e728                rt_free_box
 .text.rt_sem_psh
                0x0000e750       0x34 C:/ProgramData/MATLAB/SupportPackages/R2019a/3P.instrset/cmsis.instrset/CMSIS/RTOS/RTX/LIB/GCC/libRTX_CM4.a(rt_semaphore.o)
                0x0000e750                rt_sem_psh
 .text.rt_mbx_init
                0x0000e784       0x1c C:/ProgramData/MATLAB/SupportPackages/R2019a/3P.instrset/cmsis.instrset/CMSIS/RTOS/RTX/LIB/GCC/libRTX_CM4.a(rt_mailbox.o)
                0x0000e784                rt_mbx_init
 .text.rt_mbx_wait
                0x0000e7a0       0xa8 C:/ProgramData/MATLAB/SupportPackages/R2019a/3P.instrset/cmsis.instrset/CMSIS/RTOS/RTX/LIB/GCC/libRTX_CM4.a(rt_mailbox.o)
                0x0000e7a0                rt_mbx_wait
 .text.rt_mbx_check
                0x0000e848        0x8 C:/ProgramData/MATLAB/SupportPackages/R2019a/3P.instrset/cmsis.instrset/CMSIS/RTOS/RTX/LIB/GCC/libRTX_CM4.a(rt_mailbox.o)
                0x0000e848                rt_mbx_check
 .text.isr_mbx_send
                0x0000e850       0x10 C:/ProgramData/MATLAB/SupportPackages/R2019a/3P.instrset/cmsis.instrset/CMSIS/RTOS/RTX/LIB/GCC/libRTX_CM4.a(rt_mailbox.o)
                0x0000e850                isr_mbx_send
 .text.rt_mbx_psh
                0x0000e860       0xe4 C:/ProgramData/MATLAB/SupportPackages/R2019a/3P.instrset/cmsis.instrset/CMSIS/RTOS/RTX/LIB/GCC/libRTX_CM4.a(rt_mailbox.o)
                0x0000e860                rt_mbx_psh
 .text.rt_put_prio
                0x0000e944       0x50 C:/ProgramData/MATLAB/SupportPackages/R2019a/3P.instrset/cmsis.instrset/CMSIS/RTOS/RTX/LIB/GCC/libRTX_CM4.a(rt_list.o)
                0x0000e944                rt_put_prio
 .text.rt_get_first
                0x0000e994       0x28 C:/ProgramData/MATLAB/SupportPackages/R2019a/3P.instrset/cmsis.instrset/CMSIS/RTOS/RTX/LIB/GCC/libRTX_CM4.a(rt_list.o)
                0x0000e994                rt_get_first
 .text.rt_put_rdy_first
                0x0000e9bc       0x14 C:/ProgramData/MATLAB/SupportPackages/R2019a/3P.instrset/cmsis.instrset/CMSIS/RTOS/RTX/LIB/GCC/libRTX_CM4.a(rt_list.o)
                0x0000e9bc                rt_put_rdy_first
 .text.rt_resort_prio
                0x0000e9d0       0x94 C:/ProgramData/MATLAB/SupportPackages/R2019a/3P.instrset/cmsis.instrset/CMSIS/RTOS/RTX/LIB/GCC/libRTX_CM4.a(rt_list.o)
                0x0000e9d0                rt_resort_prio
 .text.rt_put_dly
                0x0000ea64       0x60 C:/ProgramData/MATLAB/SupportPackages/R2019a/3P.instrset/cmsis.instrset/CMSIS/RTOS/RTX/LIB/GCC/libRTX_CM4.a(rt_list.o)
                0x0000ea64                rt_put_dly
 .text.rt_dec_dly
                0x0000eac4       0xd8 C:/ProgramData/MATLAB/SupportPackages/R2019a/3P.instrset/cmsis.instrset/CMSIS/RTOS/RTX/LIB/GCC/libRTX_CM4.a(rt_list.o)
                0x0000eac4                rt_dec_dly
 .text.rt_rmv_list
                0x0000eb9c       0x2c C:/ProgramData/MATLAB/SupportPackages/R2019a/3P.instrset/cmsis.instrset/CMSIS/RTOS/RTX/LIB/GCC/libRTX_CM4.a(rt_list.o)
                0x0000eb9c                rt_rmv_list
 .text.rt_rmv_dly
                0x0000ebc8       0x2c C:/ProgramData/MATLAB/SupportPackages/R2019a/3P.instrset/cmsis.instrset/CMSIS/RTOS/RTX/LIB/GCC/libRTX_CM4.a(rt_list.o)
                0x0000ebc8                rt_rmv_dly
 .text.rt_psq_enq
                0x0000ebf4       0x44 C:/ProgramData/MATLAB/SupportPackages/R2019a/3P.instrset/cmsis.instrset/CMSIS/RTOS/RTX/LIB/GCC/libRTX_CM4.a(rt_list.o)
                0x0000ebf4                rt_psq_enq
 .text.rt_evt_wait
                0x0000ec38       0x4c C:/ProgramData/MATLAB/SupportPackages/R2019a/3P.instrset/cmsis.instrset/CMSIS/RTOS/RTX/LIB/GCC/libRTX_CM4.a(rt_event.o)
                0x0000ec38                rt_evt_wait
 .text.rt_evt_set
                0x0000ec84       0x58 C:/ProgramData/MATLAB/SupportPackages/R2019a/3P.instrset/cmsis.instrset/CMSIS/RTOS/RTX/LIB/GCC/libRTX_CM4.a(rt_event.o)
                0x0000ec84                rt_evt_set
 .text.rt_evt_clr
                0x0000ecdc       0x18 C:/ProgramData/MATLAB/SupportPackages/R2019a/3P.instrset/cmsis.instrset/CMSIS/RTOS/RTX/LIB/GCC/libRTX_CM4.a(rt_event.o)
                0x0000ecdc                rt_evt_clr
 .text.isr_evt_set
                0x0000ecf4       0x24 C:/ProgramData/MATLAB/SupportPackages/R2019a/3P.instrset/cmsis.instrset/CMSIS/RTOS/RTX/LIB/GCC/libRTX_CM4.a(rt_event.o)
                0x0000ecf4                isr_evt_set
 .text.rt_evt_psh
                0x0000ed18       0x50 C:/ProgramData/MATLAB/SupportPackages/R2019a/3P.instrset/cmsis.instrset/CMSIS/RTOS/RTX/LIB/GCC/libRTX_CM4.a(rt_event.o)
                0x0000ed18                rt_evt_psh
 .text.rt_psh_req
                0x0000ed68       0x20 C:/ProgramData/MATLAB/SupportPackages/R2019a/3P.instrset/cmsis.instrset/CMSIS/RTOS/RTX/LIB/GCC/libRTX_CM4.a(rt_system.o)
                0x0000ed68                rt_psh_req
 .text.rt_pop_req
                0x0000ed88       0x78 C:/ProgramData/MATLAB/SupportPackages/R2019a/3P.instrset/cmsis.instrset/CMSIS/RTOS/RTX/LIB/GCC/libRTX_CM4.a(rt_system.o)
                0x0000ed88                rt_pop_req
 .text.os_tick_init
                0x0000ee00       0x40 C:/ProgramData/MATLAB/SupportPackages/R2019a/3P.instrset/cmsis.instrset/CMSIS/RTOS/RTX/LIB/GCC/libRTX_CM4.a(rt_system.o)
                0x0000ee00                os_tick_init
 .text.os_tick_irqack
                0x0000ee40        0x4 C:/ProgramData/MATLAB/SupportPackages/R2019a/3P.instrset/cmsis.instrset/CMSIS/RTOS/RTX/LIB/GCC/libRTX_CM4.a(rt_system.o)
                0x0000ee40                os_tick_irqack
 .text.rt_systick
                0x0000ee44       0x3c C:/ProgramData/MATLAB/SupportPackages/R2019a/3P.instrset/cmsis.instrset/CMSIS/RTOS/RTX/LIB/GCC/libRTX_CM4.a(rt_system.o)
                0x0000ee44                rt_systick
 .text.rt_stk_check
                0x0000ee80       0x24 C:/ProgramData/MATLAB/SupportPackages/R2019a/3P.instrset/cmsis.instrset/CMSIS/RTOS/RTX/LIB/GCC/libRTX_CM4.a(rt_system.o)
                0x0000ee80                rt_stk_check
 .text.rt_switch_req
                0x0000eea4       0x24 C:/ProgramData/MATLAB/SupportPackages/R2019a/3P.instrset/cmsis.instrset/CMSIS/RTOS/RTX/LIB/GCC/libRTX_CM4.a(rt_task.o)
                0x0000eea4                rt_switch_req
 .text.rt_dispatch
                0x0000eec8       0x7c C:/ProgramData/MATLAB/SupportPackages/R2019a/3P.instrset/cmsis.instrset/CMSIS/RTOS/RTX/LIB/GCC/libRTX_CM4.a(rt_task.o)
                0x0000eec8                rt_dispatch
 .text.rt_block
                0x0000ef44       0x50 C:/ProgramData/MATLAB/SupportPackages/R2019a/3P.instrset/cmsis.instrset/CMSIS/RTOS/RTX/LIB/GCC/libRTX_CM4.a(rt_task.o)
                0x0000ef44                rt_block
 .text.rt_tsk_self
                0x0000ef94       0x10 C:/ProgramData/MATLAB/SupportPackages/R2019a/3P.instrset/cmsis.instrset/CMSIS/RTOS/RTX/LIB/GCC/libRTX_CM4.a(rt_task.o)
                0x0000ef94                rt_tsk_self
 .text.rt_tsk_prio
                0x0000efa4       0xf8 C:/ProgramData/MATLAB/SupportPackages/R2019a/3P.instrset/cmsis.instrset/CMSIS/RTOS/RTX/LIB/GCC/libRTX_CM4.a(rt_task.o)
                0x0000efa4                rt_tsk_prio
 .text.rt_tsk_create
                0x0000f09c      0x110 C:/ProgramData/MATLAB/SupportPackages/R2019a/3P.instrset/cmsis.instrset/CMSIS/RTOS/RTX/LIB/GCC/libRTX_CM4.a(rt_task.o)
                0x0000f09c                rt_tsk_create
 .text.rt_tsk_delete
                0x0000f1ac      0x1c4 C:/ProgramData/MATLAB/SupportPackages/R2019a/3P.instrset/cmsis.instrset/CMSIS/RTOS/RTX/LIB/GCC/libRTX_CM4.a(rt_task.o)
                0x0000f1ac                rt_tsk_delete
 .text.rt_sys_init
                0x0000f370       0xec C:/ProgramData/MATLAB/SupportPackages/R2019a/3P.instrset/cmsis.instrset/CMSIS/RTOS/RTX/LIB/GCC/libRTX_CM4.a(rt_task.o)
                0x0000f370                rt_sys_init
 .text.rt_sys_start
                0x0000f45c       0x8c C:/ProgramData/MATLAB/SupportPackages/R2019a/3P.instrset/cmsis.instrset/CMSIS/RTOS/RTX/LIB/GCC/libRTX_CM4.a(rt_task.o)
                0x0000f45c                rt_sys_start
 .text.OSA_TimeInit
                0x0000f4e8       0x44 C:/ProgramData/MATLAB/SupportPackages/R2019a/toolbox/target/supportpackages/freedomk64f/src/ksdk_armgcc_lib/bm/libksdk_platform.a(fsl_os_abstraction_bm.o)
                0x0000f4e8                OSA_TimeInit
 .text.OSA_TimeDiff
                0x0000f52c        0xe C:/ProgramData/MATLAB/SupportPackages/R2019a/toolbox/target/supportpackages/freedomk64f/src/ksdk_armgcc_lib/bm/libksdk_platform.a(fsl_os_abstraction_bm.o)
                0x0000f52c                OSA_TimeDiff
 *fill*         0x0000f53a        0x2 
 .text.OSA_SemaCreate
                0x0000f53c       0x2c C:/ProgramData/MATLAB/SupportPackages/R2019a/toolbox/target/supportpackages/freedomk64f/src/ksdk_armgcc_lib/bm/libksdk_platform.a(fsl_os_abstraction_bm.o)
                0x0000f53c                OSA_SemaCreate
 .text.OSA_SemaPost
                0x0000f568       0x3c C:/ProgramData/MATLAB/SupportPackages/R2019a/toolbox/target/supportpackages/freedomk64f/src/ksdk_armgcc_lib/bm/libksdk_platform.a(fsl_os_abstraction_bm.o)
                0x0000f568                OSA_SemaPost
 .text.OSA_SemaDestroy
                0x0000f5a4       0x20 C:/ProgramData/MATLAB/SupportPackages/R2019a/toolbox/target/supportpackages/freedomk64f/src/ksdk_armgcc_lib/bm/libksdk_platform.a(fsl_os_abstraction_bm.o)
                0x0000f5a4                OSA_SemaDestroy
 .text.task_init
                0x0000f5c4       0x38 C:/ProgramData/MATLAB/SupportPackages/R2019a/toolbox/target/supportpackages/freedomk64f/src/ksdk_armgcc_lib/bm/libksdk_platform.a(fsl_os_abstraction_bm.o)
                0x0000f5c4                task_init
 .text.OSA_TimeGetMsec
                0x0000f5fc        0xc C:/ProgramData/MATLAB/SupportPackages/R2019a/toolbox/target/supportpackages/freedomk64f/src/ksdk_armgcc_lib/bm/libksdk_platform.a(fsl_os_abstraction_bm.o)
                0x0000f5fc                OSA_TimeGetMsec
 .text.OSA_TimeDelay
                0x0000f608       0x1c C:/ProgramData/MATLAB/SupportPackages/R2019a/toolbox/target/supportpackages/freedomk64f/src/ksdk_armgcc_lib/bm/libksdk_platform.a(fsl_os_abstraction_bm.o)
                0x0000f608                OSA_TimeDelay
 .text.OSA_Init
                0x0000f624        0xe C:/ProgramData/MATLAB/SupportPackages/R2019a/toolbox/target/supportpackages/freedomk64f/src/ksdk_armgcc_lib/bm/libksdk_platform.a(fsl_os_abstraction_bm.o)
                0x0000f624                OSA_Init
 *fill*         0x0000f632        0x2 
 .text.CLOCK_SYS_SetMcgPeeToFbe
                0x0000f634       0x34 C:/ProgramData/MATLAB/SupportPackages/R2019a/toolbox/target/supportpackages/freedomk64f/src/ksdk_armgcc_lib/bm/libksdk_platform.a(fsl_clock_manager.o)
 .text.CLOCK_SYS_SetMcgMode
                0x0000f668      0x124 C:/ProgramData/MATLAB/SupportPackages/R2019a/toolbox/target/supportpackages/freedomk64f/src/ksdk_armgcc_lib/bm/libksdk_platform.a(fsl_clock_manager.o)
                0x0000f668                CLOCK_SYS_SetMcgMode
 .text.CLOCK_SYS_SetOscerConfigration
                0x0000f78c       0x1c C:/ProgramData/MATLAB/SupportPackages/R2019a/toolbox/target/supportpackages/freedomk64f/src/ksdk_armgcc_lib/bm/libksdk_platform.a(fsl_clock_manager.o)
                0x0000f78c                CLOCK_SYS_SetOscerConfigration
 .text.CLOCK_SYS_OscInit
                0x0000f7a8       0x9c C:/ProgramData/MATLAB/SupportPackages/R2019a/toolbox/target/supportpackages/freedomk64f/src/ksdk_armgcc_lib/bm/libksdk_platform.a(fsl_clock_manager.o)
                0x0000f7a8                CLOCK_SYS_OscInit
 .text.CLOCK_SYS_RtcOscInit
                0x0000f844       0x68 C:/ProgramData/MATLAB/SupportPackages/R2019a/toolbox/target/supportpackages/freedomk64f/src/ksdk_armgcc_lib/bm/libksdk_platform.a(fsl_clock_manager.o)
                0x0000f844                CLOCK_SYS_RtcOscInit
 .text.SIM_HAL_GetGateCmd.constprop.8
                0x0000f8ac       0x20 C:/ProgramData/MATLAB/SupportPackages/R2019a/toolbox/target/supportpackages/freedomk64f/src/ksdk_armgcc_lib/bm/libksdk_platform.a(fsl_clock_MK64F12.o)
 .text.SIM_HAL_DisableClock.constprop.9
                0x0000f8cc       0x1c C:/ProgramData/MATLAB/SupportPackages/R2019a/toolbox/target/supportpackages/freedomk64f/src/ksdk_armgcc_lib/bm/libksdk_platform.a(fsl_clock_MK64F12.o)
 .text.SIM_HAL_EnableClock.constprop.10
                0x0000f8e8       0x1c C:/ProgramData/MATLAB/SupportPackages/R2019a/toolbox/target/supportpackages/freedomk64f/src/ksdk_armgcc_lib/bm/libksdk_platform.a(fsl_clock_MK64F12.o)
 .text.CLOCK_SYS_GetCoreClockFreq
                0x0000f904       0x24 C:/ProgramData/MATLAB/SupportPackages/R2019a/toolbox/target/supportpackages/freedomk64f/src/ksdk_armgcc_lib/bm/libksdk_platform.a(fsl_clock_MK64F12.o)
                0x0000f904                CLOCK_SYS_GetCoreClockFreq
 .text.CLOCK_SYS_SetConfiguration
                0x0000f928       0x94 C:/ProgramData/MATLAB/SupportPackages/R2019a/toolbox/target/supportpackages/freedomk64f/src/ksdk_armgcc_lib/bm/libksdk_platform.a(fsl_clock_MK64F12.o)
                0x0000f928                CLOCK_SYS_SetConfiguration
 .text.CLOCK_SYS_FllStableDelay
                0x0000f9bc       0x1a C:/ProgramData/MATLAB/SupportPackages/R2019a/toolbox/target/supportpackages/freedomk64f/src/ksdk_armgcc_lib/bm/libksdk_platform.a(fsl_clock_MK64F12.o)
 *fill*         0x0000f9d6        0x2 
 .text.CLOCK_SYS_GetBusClockFreq
                0x0000f9d8       0x24 C:/ProgramData/MATLAB/SupportPackages/R2019a/toolbox/target/supportpackages/freedomk64f/src/ksdk_armgcc_lib/bm/libksdk_platform.a(fsl_clock_MK64F12.o)
                0x0000f9d8                CLOCK_SYS_GetBusClockFreq
 .text.CLOCK_SYS_GetUartFreq
                0x0000f9fc       0x1a C:/ProgramData/MATLAB/SupportPackages/R2019a/toolbox/target/supportpackages/freedomk64f/src/ksdk_armgcc_lib/bm/libksdk_platform.a(fsl_clock_MK64F12.o)
                0x0000f9fc                CLOCK_SYS_GetUartFreq
 *fill*         0x0000fa16        0x2 
 .text.CLOCK_SYS_EnablePortClock
                0x0000fa18       0x30 C:/ProgramData/MATLAB/SupportPackages/R2019a/toolbox/target/supportpackages/freedomk64f/src/ksdk_armgcc_lib/bm/libksdk_platform.a(fsl_clock_MK64F12.o)
                0x0000fa18                CLOCK_SYS_EnablePortClock
 .text.CLOCK_SYS_EnableI2cClock
                0x0000fa48       0x30 C:/ProgramData/MATLAB/SupportPackages/R2019a/toolbox/target/supportpackages/freedomk64f/src/ksdk_armgcc_lib/bm/libksdk_platform.a(fsl_clock_MK64F12.o)
                0x0000fa48                CLOCK_SYS_EnableI2cClock
 .text.CLOCK_SYS_EnableUartClock
                0x0000fa78       0x30 C:/ProgramData/MATLAB/SupportPackages/R2019a/toolbox/target/supportpackages/freedomk64f/src/ksdk_armgcc_lib/bm/libksdk_platform.a(fsl_clock_MK64F12.o)
                0x0000fa78                CLOCK_SYS_EnableUartClock
 .text.CLOCK_SYS_DisableUartClock
                0x0000faa8       0x30 C:/ProgramData/MATLAB/SupportPackages/R2019a/toolbox/target/supportpackages/freedomk64f/src/ksdk_armgcc_lib/bm/libksdk_platform.a(fsl_clock_MK64F12.o)
                0x0000faa8                CLOCK_SYS_DisableUartClock
 .text.CLOCK_SYS_GetUartGateCmd
                0x0000fad8       0x30 C:/ProgramData/MATLAB/SupportPackages/R2019a/toolbox/target/supportpackages/freedomk64f/src/ksdk_armgcc_lib/bm/libksdk_platform.a(fsl_clock_MK64F12.o)
                0x0000fad8                CLOCK_SYS_GetUartGateCmd
 .text.INT_SYS_EnableIRQGlobal
                0x0000fb08       0x14 C:/ProgramData/MATLAB/SupportPackages/R2019a/toolbox/target/supportpackages/freedomk64f/src/ksdk_armgcc_lib/bm/libksdk_platform.a(fsl_interrupt_manager.o)
                0x0000fb08                INT_SYS_EnableIRQGlobal
 .text.INT_SYS_DisableIRQGlobal
                0x0000fb1c       0x10 C:/ProgramData/MATLAB/SupportPackages/R2019a/toolbox/target/supportpackages/freedomk64f/src/ksdk_armgcc_lib/bm/libksdk_platform.a(fsl_interrupt_manager.o)
                0x0000fb1c                INT_SYS_DisableIRQGlobal
 .text.INT_SYS_EnableIRQ
                0x0000fb2c       0x48 C:/ProgramData/MATLAB/SupportPackages/R2019a/toolbox/target/supportpackages/freedomk64f/src/ksdk_armgcc_lib/bm/libksdk_platform.a(fsl_edma_driver.o)
 .text.EDMA_DRV_ClaimChannel
                0x0000fb74       0x6c C:/ProgramData/MATLAB/SupportPackages/R2019a/toolbox/target/supportpackages/freedomk64f/src/ksdk_armgcc_lib/bm/libksdk_platform.a(fsl_edma_driver.o)
 .text.EDMA_DRV_Init
                0x0000fbe0       0x7c C:/ProgramData/MATLAB/SupportPackages/R2019a/toolbox/target/supportpackages/freedomk64f/src/ksdk_armgcc_lib/bm/libksdk_platform.a(fsl_edma_driver.o)
                0x0000fbe0                EDMA_DRV_Init
 .text.EDMA_DRV_InstallCallback
                0x0000fc5c        0x8 C:/ProgramData/MATLAB/SupportPackages/R2019a/toolbox/target/supportpackages/freedomk64f/src/ksdk_armgcc_lib/bm/libksdk_platform.a(fsl_edma_driver.o)
                0x0000fc5c                EDMA_DRV_InstallCallback
 .text.EDMA_DRV_RequestChannel
                0x0000fc64       0x70 C:/ProgramData/MATLAB/SupportPackages/R2019a/toolbox/target/supportpackages/freedomk64f/src/ksdk_armgcc_lib/bm/libksdk_platform.a(fsl_edma_driver.o)
                0x0000fc64                EDMA_DRV_RequestChannel
 .text.EDMA_DRV_ReleaseChannel
                0x0000fcd4       0x44 C:/ProgramData/MATLAB/SupportPackages/R2019a/toolbox/target/supportpackages/freedomk64f/src/ksdk_armgcc_lib/bm/libksdk_platform.a(fsl_edma_driver.o)
                0x0000fcd4                EDMA_DRV_ReleaseChannel
 .text.EDMA_DRV_IRQHandler
                0x0000fd18       0x30 C:/ProgramData/MATLAB/SupportPackages/R2019a/toolbox/target/supportpackages/freedomk64f/src/ksdk_armgcc_lib/bm/libksdk_platform.a(fsl_edma_driver.o)
                0x0000fd18                EDMA_DRV_IRQHandler
 .text.EDMA_DRV_ErrorIRQHandler
                0x0000fd48       0x88 C:/ProgramData/MATLAB/SupportPackages/R2019a/toolbox/target/supportpackages/freedomk64f/src/ksdk_armgcc_lib/bm/libksdk_platform.a(fsl_edma_driver.o)
                0x0000fd48                EDMA_DRV_ErrorIRQHandler
 .text.unlikely.PORT_HAL_SetMuxMode.part.0
                0x0000fdd0       0x1c C:/ProgramData/MATLAB/SupportPackages/R2019a/toolbox/target/supportpackages/freedomk64f/src/ksdk_armgcc_lib/bm/libksdk_platform.a(fsl_gpio_driver.o)
 .text.GPIO_DRV_InputPinInit
                0x0000fdec       0xe0 C:/ProgramData/MATLAB/SupportPackages/R2019a/toolbox/target/supportpackages/freedomk64f/src/ksdk_armgcc_lib/bm/libksdk_platform.a(fsl_gpio_driver.o)
                0x0000fdec                GPIO_DRV_InputPinInit
 .text.GPIO_DRV_OutputPinInit
                0x0000fecc       0x70 C:/ProgramData/MATLAB/SupportPackages/R2019a/toolbox/target/supportpackages/freedomk64f/src/ksdk_armgcc_lib/bm/libksdk_platform.a(fsl_gpio_driver.o)
                0x0000fecc                GPIO_DRV_OutputPinInit
 .text.GPIO_DRV_WritePinOutput
                0x0000ff3c       0x1c C:/ProgramData/MATLAB/SupportPackages/R2019a/toolbox/target/supportpackages/freedomk64f/src/ksdk_armgcc_lib/bm/libksdk_platform.a(fsl_gpio_driver.o)
                0x0000ff3c                GPIO_DRV_WritePinOutput
 .text.I2C_HAL_Init
                0x0000ff58       0x1c C:/ProgramData/MATLAB/SupportPackages/R2019a/toolbox/target/supportpackages/freedomk64f/src/ksdk_armgcc_lib/bm/libksdk_platform.a(fsl_i2c_hal.o)
                0x0000ff58                I2C_HAL_Init
 .text.I2C_HAL_SetBaudRate
                0x0000ff74       0x70 C:/ProgramData/MATLAB/SupportPackages/R2019a/toolbox/target/supportpackages/freedomk64f/src/ksdk_armgcc_lib/bm/libksdk_platform.a(fsl_i2c_hal.o)
                0x0000ff74                I2C_HAL_SetBaudRate
 .text.I2C_HAL_SendStart
                0x0000ffe4       0x1c C:/ProgramData/MATLAB/SupportPackages/R2019a/toolbox/target/supportpackages/freedomk64f/src/ksdk_armgcc_lib/bm/libksdk_platform.a(fsl_i2c_hal.o)
                0x0000ffe4                I2C_HAL_SendStart
 .text.I2C_HAL_SendStop
                0x00010000       0x4c C:/ProgramData/MATLAB/SupportPackages/R2019a/toolbox/target/supportpackages/freedomk64f/src/ksdk_armgcc_lib/bm/libksdk_platform.a(fsl_i2c_hal.o)
                0x00010000                I2C_HAL_SendStop
 .text.LPTMR_HAL_SetTimerWorkingMode
                0x0001004c       0x3c C:/ProgramData/MATLAB/SupportPackages/R2019a/toolbox/target/supportpackages/freedomk64f/src/ksdk_armgcc_lib/bm/libksdk_platform.a(fsl_lptmr_hal.o)
                0x0001004c                LPTMR_HAL_SetTimerWorkingMode
 .text.LPTMR_HAL_SetPrescalerMode
                0x00010088       0x1a C:/ProgramData/MATLAB/SupportPackages/R2019a/toolbox/target/supportpackages/freedomk64f/src/ksdk_armgcc_lib/bm/libksdk_platform.a(fsl_lptmr_hal.o)
                0x00010088                LPTMR_HAL_SetPrescalerMode
 .text.LPTMR_HAL_GetCounterValue
                0x000100a2        0xe C:/ProgramData/MATLAB/SupportPackages/R2019a/toolbox/target/supportpackages/freedomk64f/src/ksdk_armgcc_lib/bm/libksdk_platform.a(fsl_lptmr_hal.o)
                0x000100a2                LPTMR_HAL_GetCounterValue
 .text.CLOCK_HAL_TestOscFreq
                0x000100b0       0x28 C:/ProgramData/MATLAB/SupportPackages/R2019a/toolbox/target/supportpackages/freedomk64f/src/ksdk_armgcc_lib/bm/libksdk_platform.a(fsl_mcg_hal.o)
                0x000100b0                CLOCK_HAL_TestOscFreq
 .text.CLOCK_HAL_GetMcgExternalClkFreq
                0x000100d8        0xa C:/ProgramData/MATLAB/SupportPackages/R2019a/toolbox/target/supportpackages/freedomk64f/src/ksdk_armgcc_lib/bm/libksdk_platform.a(fsl_mcg_hal.o)
 .text.CLOCK_HAL_TestFllExternalRefFreq
                0x000100e2       0x32 C:/ProgramData/MATLAB/SupportPackages/R2019a/toolbox/target/supportpackages/freedomk64f/src/ksdk_armgcc_lib/bm/libksdk_platform.a(fsl_mcg_hal.o)
                0x000100e2                CLOCK_HAL_TestFllExternalRefFreq
 .text.CLOCK_HAL_GetFllRefClk
                0x00010114       0x3c C:/ProgramData/MATLAB/SupportPackages/R2019a/toolbox/target/supportpackages/freedomk64f/src/ksdk_armgcc_lib/bm/libksdk_platform.a(fsl_mcg_hal.o)
                0x00010114                CLOCK_HAL_GetFllRefClk
 .text.CLOCK_HAL_TestFllFreq
                0x00010150       0x34 C:/ProgramData/MATLAB/SupportPackages/R2019a/toolbox/target/supportpackages/freedomk64f/src/ksdk_armgcc_lib/bm/libksdk_platform.a(fsl_mcg_hal.o)
                0x00010150                CLOCK_HAL_TestFllFreq
 .text.CLOCK_HAL_GetFllClk
                0x00010184       0x36 C:/ProgramData/MATLAB/SupportPackages/R2019a/toolbox/target/supportpackages/freedomk64f/src/ksdk_armgcc_lib/bm/libksdk_platform.a(fsl_mcg_hal.o)
                0x00010184                CLOCK_HAL_GetFllClk
 .text.CLOCK_HAL_UpdateFastClkInternalRefDiv
                0x000101ba       0x52 C:/ProgramData/MATLAB/SupportPackages/R2019a/toolbox/target/supportpackages/freedomk64f/src/ksdk_armgcc_lib/bm/libksdk_platform.a(fsl_mcg_hal.o)
                0x000101ba                CLOCK_HAL_UpdateFastClkInternalRefDiv
 .text.CLOCK_HAL_GetPll0Clk
                0x0001020c       0x3e C:/ProgramData/MATLAB/SupportPackages/R2019a/toolbox/target/supportpackages/freedomk64f/src/ksdk_armgcc_lib/bm/libksdk_platform.a(fsl_mcg_hal.o)
                0x0001020c                CLOCK_HAL_GetPll0Clk
 .text.CLOCK_HAL_EnablePll0InFllMode
                0x0001024a       0x38 C:/ProgramData/MATLAB/SupportPackages/R2019a/toolbox/target/supportpackages/freedomk64f/src/ksdk_armgcc_lib/bm/libksdk_platform.a(fsl_mcg_hal.o)
                0x0001024a                CLOCK_HAL_EnablePll0InFllMode
 *fill*         0x00010282        0x2 
 .text.CLOCK_HAL_GetInternalRefClk
                0x00010284       0x3c C:/ProgramData/MATLAB/SupportPackages/R2019a/toolbox/target/supportpackages/freedomk64f/src/ksdk_armgcc_lib/bm/libksdk_platform.a(fsl_mcg_hal.o)
                0x00010284                CLOCK_HAL_GetInternalRefClk
 .text.CLOCK_HAL_GetOutClk
                0x000102c0       0x22 C:/ProgramData/MATLAB/SupportPackages/R2019a/toolbox/target/supportpackages/freedomk64f/src/ksdk_armgcc_lib/bm/libksdk_platform.a(fsl_mcg_hal.o)
                0x000102c0                CLOCK_HAL_GetOutClk
 .text.CLOCK_HAL_SetOsc0Mode
                0x000102e2       0x24 C:/ProgramData/MATLAB/SupportPackages/R2019a/toolbox/target/supportpackages/freedomk64f/src/ksdk_armgcc_lib/bm/libksdk_platform.a(fsl_mcg_hal.o)
                0x000102e2                CLOCK_HAL_SetOsc0Mode
 .text.CLOCK_HAL_PrepareOsc
                0x00010306       0x2c C:/ProgramData/MATLAB/SupportPackages/R2019a/toolbox/target/supportpackages/freedomk64f/src/ksdk_armgcc_lib/bm/libksdk_platform.a(fsl_mcg_hal_modes.o)
 .text.CLOCK_HAL_GetMcgMode
                0x00010332       0x72 C:/ProgramData/MATLAB/SupportPackages/R2019a/toolbox/target/supportpackages/freedomk64f/src/ksdk_armgcc_lib/bm/libksdk_platform.a(fsl_mcg_hal_modes.o)
                0x00010332                CLOCK_HAL_GetMcgMode
 .text.CLOCK_HAL_SetFbiMode
                0x000103a4       0xb8 C:/ProgramData/MATLAB/SupportPackages/R2019a/toolbox/target/supportpackages/freedomk64f/src/ksdk_armgcc_lib/bm/libksdk_platform.a(fsl_mcg_hal_modes.o)
                0x000103a4                CLOCK_HAL_SetFbiMode
 .text.CLOCK_HAL_SetFbeMode
                0x0001045c       0xea C:/ProgramData/MATLAB/SupportPackages/R2019a/toolbox/target/supportpackages/freedomk64f/src/ksdk_armgcc_lib/bm/libksdk_platform.a(fsl_mcg_hal_modes.o)
                0x0001045c                CLOCK_HAL_SetFbeMode
 *fill*         0x00010546        0x2 
 .text.CLOCK_HAL_SetPbeMode
                0x00010548       0xd0 C:/ProgramData/MATLAB/SupportPackages/R2019a/toolbox/target/supportpackages/freedomk64f/src/ksdk_armgcc_lib/bm/libksdk_platform.a(fsl_mcg_hal_modes.o)
                0x00010548                CLOCK_HAL_SetPbeMode
 .text.OSC_HAL_SetCapacitor
                0x00010618        0xe C:/ProgramData/MATLAB/SupportPackages/R2019a/toolbox/target/supportpackages/freedomk64f/src/ksdk_armgcc_lib/bm/libksdk_platform.a(fsl_osc_hal.o)
                0x00010618                OSC_HAL_SetCapacitor
 .text.CLOCK_HAL_SetOutDiv
                0x00010626       0x28 C:/ProgramData/MATLAB/SupportPackages/R2019a/toolbox/target/supportpackages/freedomk64f/src/ksdk_armgcc_lib/bm/libksdk_platform.a(fsl_sim_hal_MK64F12.o)
                0x00010626                CLOCK_HAL_SetOutDiv
 *fill*         0x0001064e        0x2 
 .text.UART_DRV_CompleteSendData
                0x00010650       0x54 C:/ProgramData/MATLAB/SupportPackages/R2019a/toolbox/target/supportpackages/freedomk64f/src/ksdk_armgcc_lib/bm/libksdk_platform.a(fsl_uart_driver.o)
 .text.UART_DRV_CompleteReceiveData
                0x000106a4       0x5c C:/ProgramData/MATLAB/SupportPackages/R2019a/toolbox/target/supportpackages/freedomk64f/src/ksdk_armgcc_lib/bm/libksdk_platform.a(fsl_uart_driver.o)
 .text.UART_DRV_IRQHandler
                0x00010700       0xdc C:/ProgramData/MATLAB/SupportPackages/R2019a/toolbox/target/supportpackages/freedomk64f/src/ksdk_armgcc_lib/bm/libksdk_platform.a(fsl_uart_driver.o)
                0x00010700                UART_DRV_IRQHandler
 .text.EDMA_HAL_HTCDSetIntCmd
                0x000107dc       0x14 C:/ProgramData/MATLAB/SupportPackages/R2019a/toolbox/target/supportpackages/freedomk64f/src/ksdk_armgcc_lib/bm/libksdk_platform.a(fsl_uart_edma_driver.o)
 .text.UART_DRV_EdmaCompleteSendData
                0x000107f0       0x60 C:/ProgramData/MATLAB/SupportPackages/R2019a/toolbox/target/supportpackages/freedomk64f/src/ksdk_armgcc_lib/bm/libksdk_platform.a(fsl_uart_edma_driver.o)
 .text.UART_DRV_EdmaTxCallback
                0x00010850        0x4 C:/ProgramData/MATLAB/SupportPackages/R2019a/toolbox/target/supportpackages/freedomk64f/src/ksdk_armgcc_lib/bm/libksdk_platform.a(fsl_uart_edma_driver.o)
 .text.UART_DRV_EdmaCompleteReceiveData
                0x00010854       0x64 C:/ProgramData/MATLAB/SupportPackages/R2019a/toolbox/target/supportpackages/freedomk64f/src/ksdk_armgcc_lib/bm/libksdk_platform.a(fsl_uart_edma_driver.o)
 .text.UART_DRV_EdmaRxCallback